Java HotSpot(TM) 64-Bit Server VM (24.79-b02) for bsd-amd64 JRE (1.7.0_79-b15), built on Apr 10 2015 11:35:04 by "java_re" with gcc 4.2.1 (Based on Apple Inc. build 5658) (LLVM build 2336.11.00)
Memory: 4k page, physical 8388608k(2097152k free)

/proc/meminfo:

CommandLine flags: -XX:InitialHeapSize=4294967296 -XX:MaxHeapSize=4294967296 -XX:+ParallelRefProcEnabled -XX:+PrintGC -XX:+PrintGCDateStamps -XX:+PrintGCDetails -XX:+PrintGCTimeStamps -XX:+UseCompressedOops -XX:+UseG1GC 
2015-06-25T16:10:42.036-0100: 3.542: [Full GC 105M->16M(4096M), 0.2021060 secs]
   [Eden: 106.0M(204.0M)->0.0B(204.0M) Survivors: 0.0B->0.0B Heap: 105.7M(4096.0M)->16.5M(4096.0M)], [Perm: 24110K->24110K(24576K)]
 [Times: user=0.16 sys=0.05, real=0.20 secs] 
2015-06-25T16:10:42.239-0100: 3.744: [Full GC 16M->16M(4096M), 0.1332800 secs]
   [Eden: 2048.0K(204.0M)->0.0B(204.0M) Survivors: 0.0B->0.0B Heap: 16.5M(4096.0M)->16.5M(4096.0M)], [Perm: 24110K->24110K(24576K)]
 [Times: user=0.13 sys=0.00, real=0.14 secs] 
2015-06-25T16:10:42.373-0100: 3.879: [Full GC 16M->16M(4096M), 0.1376790 secs]
   [Eden: 2048.0K(204.0M)->0.0B(204.0M) Survivors: 0.0B->0.0B Heap: 16.5M(4096.0M)->16.4M(4096.0M)], [Perm: 24110K->24110K(24576K)]
 [Times: user=0.15 sys=0.00, real=0.14 secs] 
2015-06-25T16:13:33.442-0100: 174.947: [GC pause (young), 0.0262390 secs]
   [Parallel Time: 19.7 ms, GC Workers: 2]
      [GC Worker Start (ms): Min: 174947.0, Avg: 174947.0, Max: 174947.0, Diff: 0.0]
      [Ext Root Scanning (ms): Min: 11.2, Avg: 11.3, Max: 11.4, Diff: 0.3, Sum: 22.6]
      [Update RS (ms): Min: 0.5, Avg: 0.6, Max: 0.6, Diff: 0.2, Sum: 1.1]
         [Processed Buffers: Min: 3, Avg: 8.5, Max: 14, Diff: 11, Sum: 17]
      [Scan RS (ms): Min: 0.4, Avg: 0.5, Max: 0.5, Diff: 0.2, Sum: 0.9]
      [Code Root Scanning (ms): Min: 0.0, Avg: 0.0, Max: 0.0, Diff: 0.0, Sum: 0.0]
      [Object Copy (ms): Min: 7.1, Avg: 7.3, Max: 7.4, Diff: 0.4, Sum: 14.5]
      [Termination (ms): Min: 0.0, Avg: 0.0, Max: 0.0, Diff: 0.0, Sum: 0.0]
      [GC Worker Other (ms): Min: 0.1, Avg: 0.1, Max: 0.1, Diff: 0.0, Sum: 0.1]
      [GC Worker Total (ms): Min: 19.7, Avg: 19.7, Max: 19.7, Diff: 0.0, Sum: 39.3]
      [GC Worker End (ms): Min: 174966.6, Avg: 174966.6, Max: 174966.6, Diff: 0.0]
   [Code Root Fixup: 0.0 ms]
   [Code Root Migration: 0.1 ms]
   [Clear CT: 0.2 ms]
   [Other: 6.3 ms]
      [Choose CSet: 0.0 ms]
      [Ref Proc: 5.9 ms]
      [Ref Enq: 0.1 ms]
      [Free CSet: 0.2 ms]
   [Eden: 204.0M(204.0M)->0.0B(194.0M) Survivors: 0.0B->10.0M Heap: 220.4M(4096.0M)->24.5M(4096.0M)]
 [Times: user=0.04 sys=0.00, real=0.02 secs] 
2015-06-25T16:16:07.747-0100: 329.252: [GC pause (young), 0.0284770 secs]
   [Parallel Time: 27.2 ms, GC Workers: 2]
      [GC Worker Start (ms): Min: 329252.4, Avg: 329256.8, Max: 329261.1, Diff: 8.7]
      [Ext Root Scanning (ms): Min: 11.8, Avg: 13.0, Max: 14.2, Diff: 2.4, Sum: 26.0]
      [Update RS (ms): Min: 0.0, Avg: 0.3, Max: 0.6, Diff: 0.6, Sum: 0.6]
         [Processed Buffers: Min: 0, Avg: 9.0, Max: 18, Diff: 18, Sum: 18]
      [Scan RS (ms): Min: 0.0, Avg: 0.4, Max: 0.8, Diff: 0.7, Sum: 0.8]
      [Code Root Scanning (ms): Min: 0.0, Avg: 0.0, Max: 0.1, Diff: 0.1, Sum: 0.1]
      [Object Copy (ms): Min: 6.6, Avg: 9.1, Max: 11.5, Diff: 5.0, Sum: 18.1]
      [Termination (ms): Min: 0.0, Avg: 0.0, Max: 0.0, Diff: 0.0, Sum: 0.0]
      [GC Worker Other (ms): Min: 0.0, Avg: 0.0, Max: 0.0, Diff: 0.0, Sum: 0.1]
      [GC Worker Total (ms): Min: 18.5, Avg: 22.8, Max: 27.1, Diff: 8.7, Sum: 45.6]
      [GC Worker End (ms): Min: 329279.6, Avg: 329279.6, Max: 329279.6, Diff: 0.0]
   [Code Root Fixup: 0.0 ms]
   [Code Root Migration: 0.1 ms]
   [Clear CT: 0.1 ms]
   [Other: 1.0 ms]
      [Choose CSet: 0.0 ms]
      [Ref Proc: 0.7 ms]
      [Ref Enq: 0.1 ms]
      [Free CSet: 0.2 ms]
   [Eden: 194.0M(194.0M)->0.0B(200.0M) Survivors: 10.0M->4096.0K Heap: 218.5M(4096.0M)->20.4M(4096.0M)]
 [Times: user=0.03 sys=0.00, real=0.03 secs] 
2015-06-25T16:17:42.931-0100: 424.436: [GC pause (young), 0.0178720 secs]
   [Parallel Time: 17.0 ms, GC Workers: 2]
      [GC Worker Start (ms): Min: 424435.9, Avg: 424435.9, Max: 424436.0, Diff: 0.0]
      [Ext Root Scanning (ms): Min: 10.1, Avg: 10.5, Max: 11.0, Diff: 0.9, Sum: 21.1]
      [Update RS (ms): Min: 0.4, Avg: 0.8, Max: 1.3, Diff: 0.9, Sum: 1.6]
         [Processed Buffers: Min: 1, Avg: 7.5, Max: 14, Diff: 13, Sum: 15]
      [Scan RS (ms): Min: 0.0, Avg: 0.1, Max: 0.2, Diff: 0.2, Sum: 0.2]
      [Code Root Scanning (ms): Min: 0.0, Avg: 0.0, Max: 0.0, Diff: 0.0, Sum: 0.0]
      [Object Copy (ms): Min: 5.2, Avg: 5.4, Max: 5.5, Diff: 0.2, Sum: 10.7]
      [Termination (ms): Min: 0.0, Avg: 0.0, Max: 0.0, Diff: 0.0, Sum: 0.0]
      [GC Worker Other (ms): Min: 0.1, Avg: 0.1, Max: 0.1, Diff: 0.0, Sum: 0.1]
      [GC Worker Total (ms): Min: 16.9, Avg: 16.9, Max: 16.9, Diff: 0.0, Sum: 33.8]
      [GC Worker End (ms): Min: 424452.9, Avg: 424452.9, Max: 424452.9, Diff: 0.0]
   [Code Root Fixup: 0.1 ms]
   [Code Root Migration: 0.1 ms]
   [Clear CT: 0.1 ms]
   [Other: 0.7 ms]
      [Choose CSet: 0.0 ms]
      [Ref Proc: 0.3 ms]
      [Ref Enq: 0.0 ms]
      [Free CSet: 0.2 ms]
   [Eden: 200.0M(200.0M)->0.0B(352.0M) Survivors: 4096.0K->4096.0K Heap: 220.4M(4096.0M)->20.4M(4096.0M)]
 [Times: user=0.03 sys=0.00, real=0.01 secs] 
2015-06-25T16:20:07.244-0100: 568.749: [GC pause (young), 0.1155800 secs]
   [Parallel Time: 114.4 ms, GC Workers: 2]
      [GC Worker Start (ms): Min: 568749.1, Avg: 568749.1, Max: 568749.1, Diff: 0.0]
      [Ext Root Scanning (ms): Min: 8.5, Avg: 8.6, Max: 8.7, Diff: 0.2, Sum: 17.2]
      [Update RS (ms): Min: 0.5, Avg: 0.7, Max: 0.9, Diff: 0.4, Sum: 1.3]
         [Processed Buffers: Min: 1, Avg: 8.5, Max: 16, Diff: 15, Sum: 17]
      [Scan RS (ms): Min: 0.1, Avg: 0.2, Max: 0.3, Diff: 0.2, Sum: 0.5]
      [Code Root Scanning (ms): Min: 0.0, Avg: 0.1, Max: 0.1, Diff: 0.1, Sum: 0.1]
      [Object Copy (ms): Min: 104.6, Avg: 104.8, Max: 104.9, Diff: 0.3, Sum: 209.5]
      [Termination (ms): Min: 0.0, Avg: 0.0, Max: 0.0, Diff: 0.0, Sum: 0.0]
      [GC Worker Other (ms): Min: 0.1, Avg: 0.1, Max: 0.1, Diff: 0.0, Sum: 0.1]
      [GC Worker Total (ms): Min: 114.4, Avg: 114.4, Max: 114.4, Diff: 0.0, Sum: 228.8]
      [GC Worker End (ms): Min: 568863.5, Avg: 568863.5, Max: 568863.5, Diff: 0.0]
   [Code Root Fixup: 0.1 ms]
   [Code Root Migration: 0.1 ms]
   [Clear CT: 0.2 ms]
   [Other: 0.8 ms]
      [Choose CSet: 0.0 ms]
      [Ref Proc: 0.3 ms]
      [Ref Enq: 0.1 ms]
      [Free CSet: 0.3 ms]
   [Eden: 352.0M(352.0M)->0.0B(1228.0M) Survivors: 4096.0K->4096.0K Heap: 372.4M(4096.0M)->20.4M(4096.0M)]
 [Times: user=0.03 sys=0.00, real=0.11 secs] 
2015-06-25T16:26:46.641-0100: 968.146: [GC pause (young), 8.3968450 secs]
   [Parallel Time: 6897.6 ms, GC Workers: 2]
      [GC Worker Start (ms): Min: 969065.4, Avg: 969065.4, Max: 969065.4, Diff: 0.0]
      [Ext Root Scanning (ms): Min: 796.9, Avg: 964.0, Max: 1131.1, Diff: 334.2, Sum: 1928.0]
      [Update RS (ms): Min: 138.5, Avg: 398.4, Max: 658.3, Diff: 519.8, Sum: 796.8]
         [Processed Buffers: Min: 2, Avg: 8.0, Max: 14, Diff: 12, Sum: 16]
      [Scan RS (ms): Min: 1.2, Avg: 1.5, Max: 1.7, Diff: 0.5, Sum: 2.9]
      [Code Root Scanning (ms): Min: 97.4, Avg: 193.0, Max: 288.6, Diff: 191.2, Sum: 386.0]
      [Object Copy (ms): Min: 5324.5, Avg: 5333.6, Max: 5342.8, Diff: 18.3, Sum: 10667.3]
      [Termination (ms): Min: 0.0, Avg: 6.6, Max: 13.2, Diff: 13.2, Sum: 13.3]
      [GC Worker Other (ms): Min: 0.1, Avg: 0.2, Max: 0.2, Diff: 0.0, Sum: 0.3]
      [GC Worker Total (ms): Min: 6897.3, Avg: 6897.3, Max: 6897.4, Diff: 0.1, Sum: 13794.7]
      [GC Worker End (ms): Min: 975962.7, Avg: 975962.7, Max: 975962.7, Diff: 0.0]
   [Code Root Fixup: 0.1 ms]
   [Code Root Migration: 161.1 ms]
   [Clear CT: 0.8 ms]
   [Other: 1337.3 ms]
      [Choose CSet: 0.0 ms]
      [Ref Proc: 119.0 ms]
      [Ref Enq: 0.0 ms]
      [Free CSet: 299.0 ms]
   [Eden: 1228.0M(1228.0M)->0.0B(194.0M) Survivors: 4096.0K->10.0M Heap: 1248.4M(4096.0M)-2015-06-25T16:29:01.937-0100: 1622.466: [GC pause (young), 6.3786310 secs]
   [Parallel Time: 5899.1 ms, GC Workers: 2]
      [GC Worker Start (ms): Min: 1622700.8, Avg: 1622758.2, Max: 1622815.7, Diff: 114.9]
      [Ext Root Scanning (ms): Min: 3561.9, Avg: 3691.9, Max: 3821.9, Diff: 260.0, Sum: 7383.7]
      [Update RS (ms): Min: 466.1, Avg: 625.1, Max: 784.1, Diff: 318.0, Sum: 1250.2]
         [Processed Buffers: Min: 1, Avg: 8.5, Max: 16, Diff: 15, Sum: 17]
      [Scan RS (ms): Min: 0.2, Avg: 2.2, Max: 4.3, Diff: 4.1, Sum: 4.5]
      [Code Root Scanning (ms): Min: 0.0, Avg: 2.8, Max: 5.5, Diff: 5.5, Sum: 5.5]
      [Object Copy (ms): Min: 1221.7, Avg: 1278.9, Max: 1336.1, Diff: 114.4, Sum: 2557.9]
      [Termination (ms): Min: 0.0, Avg: 0.0, Max: 0.0, Diff: 0.0, Sum: 0.0]
      [GC Worker Other (ms): Min: 10.6, Avg: 35.0, Max: 59.4, Diff: 48.9, Sum: 70.0]
      [GC Worker Total (ms): Min: 5578.4, Avg: 5635.9, Max: 5693.3, Diff: 114.9, Sum: 11271.8]
      [GC Worker End (ms): Min: 1628394.1, Avg: 1628394.1, Max: 1628394.1, Diff: 0.0]
   [Code Root Fixup: 0.3 ms]
   [Code Root Migration: 0.5 ms]
   [Clear CT: 219.4 ms]
   [Other: 259.4 ms]
      [Choose CSet: 0.0 ms]
      [Ref Proc: 0.4 ms]
      [Ref Enq: 0.1 ms]
      [Free CSet: 74.6 ms]
   [Eden: 2152.0M(2152.0M)->0.0B(196.0M) Survivors: 8192.0K->8192.0K Heap: 2175.5M(4096.0M)->23.5M(4096.0M)]
 [Times: user=0.05 sys=0.07, real=6.63 secs] 
2015-06-25T16:29:48.931-0100: 1669.328: [GC pause (young), 0.7153150 secs]
   [Parallel Time: 687.0 ms, GC Workers: 2]
      [GC Worker Start (ms): Min: 1669328.2, Avg: 1669328.2, Max: 1669328.2, Diff: 0.0]
      [Ext Root Scanning (ms): Min: 8.3, Avg: 8.3, Max: 8.3, Diff: 0.0, Sum: 16.5]
      [Update RS (ms): Min: 0.5, Avg: 18.5, Max: 36.5, Diff: 35.9, Sum: 37.0]
         [Processed Buffers: Min: 1, Avg: 6.0, Max: 11, Diff: 10, Sum: 12]
      [Scan RS (ms): Min: 0.0, Avg: 0.1, Max: 0.2, Diff: 0.2, Sum: 0.2]
      [Code Root Scanning (ms): Min: 0.0, Avg: 0.1, Max: 0.1, Diff: 0.1, Sum: 0.1]
      [Object Copy (ms): Min: 514.2, Avg: 550.7, Max: 587.2, Diff: 73.0, Sum: 1101.4]
      [Termination (ms): Min: 0.0, Avg: 64.0, Max: 127.9, Diff: 127.9, Sum: 127.9]
      [GC Worker Other (ms): Min: 0.0, Avg: 0.0, Max: 0.0, Diff: 0.0, Sum: 0.0]
      [GC Worker Total (ms): Min: 596.4, Avg: 641.6, Max: 686.9, Diff: 90.5, Sum: 1283.2]
      [GC Worker End (ms): Min: 1669924.6, Avg: 1669969.9, Max: 1670015.1, Diff: 90.5]
   [Code Root Fixup: 0.2 ms]
   [Code Root Migration: 0.2 ms]
   [Clear CT: 0.1 ms]
   [Other: 27.8 ms]
      [Choose CSet: 0.0 ms]
      [Ref Proc: 27.4 ms]
      [Ref Enq: 0.0 ms]
      [Free CSet: 0.2 ms]
   [Eden: 196.0M(196.0M)->0.0B(192.0M) Survivors: 8192.0K->12.0M Heap: 219.5M(4096.0M)->27.5M(4096.0M)]
 [Times: user=0.10 sys=0.03, real=0.79 secs] 
2015-06-25T16:30:16.449-0100: 1696.846: [GC pause (young), 0.0174310 secs]
   [Parallel Time: 16.0 ms, GC Workers: 2]
      [GC Worker Start (ms): Min: 1696846.4, Avg: 1696846.4, Max: 1696846.4, Diff: 0.1]
      [Ext Root Scanning (ms): Min: 7.5, Avg: 7.5, Max: 7.5, Diff: 0.1, Sum: 15.0]
      [Update RS (ms): Min: 0.4, Avg: 0.7, Max: 0.9, Diff: 0.5, Sum: 1.4]
         [Processed Buffers: Min: 1, Avg: 6.0, Max: 11, Diff: 10, Sum: 12]
      [Scan RS (ms): Min: 0.0, Avg: 0.1, Max: 0.3, Diff: 0.3, Sum: 0.3]
      [Code Root Scanning (ms): Min: 0.0, Avg: 0.1, Max: 0.2, Diff: 0.2, Sum: 0.2]
      [Object Copy (ms): Min: 7.4, Avg: 7.5, Max: 7.6, Diff: 0.2, Sum: 15.0]
      [Termination (ms): Min: 0.0, Avg: 0.0, Max: 0.0, Diff: 0.0, Sum: 0.0]
      [GC Worker Other (ms): Min: 0.1, Avg: 0.1, Max: 0.1, Diff: 0.0, Sum: 0.1]
      [GC Worker Total (ms): Min: 16.0, Avg: 16.0, Max: 16.0, Diff: 0.1, Sum: 32.0]
      [GC Worker End (ms): Min: 1696862.4, Avg: 1696862.4, Max: 1696862.4, Diff: 0.0]
   [Code Root Fixup: 0.2 ms]
   [Code Root Migration: 0.2 ms]
   [Clear CT: 0.2 ms]
   [Other: 0.8 ms]
      [Choose CSet: 0.0 ms]
      [Ref Proc: 0.4 ms]
      [Ref Enq: 0.0 ms]
      [Free CSet: 0.3 ms]
   [Eden: 192.0M(192.0M)->0.0B(198.0M) Survivors: 12.0M->6144.0K Heap: 219.5M(4096.0M)->21.5M(4096.0M)]
 [Times: user=0.04 sys=0.00, real=0.07 secs] 
2015-06-25T16:30:41.765-0100: 1722.163: [GC pause (young), 0.0178440 secs]
   [Parallel Time: 16.5 ms, GC Workers: 2]
      [GC Worker Start (ms): Min: 1722163.1, Avg: 1722163.2, Max: 1722163.3, Diff: 0.2]
      [Ext Root Scanning (ms): Min: 7.5, Avg: 7.7, Max: 7.9, Diff: 0.4, Sum: 15.4]
      [Update RS (ms): Min: 0.4, Avg: 0.7, Max: 1.0, Diff: 0.6, Sum: 1.5]
         [Processed Buffers: Min: 1, Avg: 5.0, Max: 9, Diff: 8, Sum: 10]
      [Scan RS (ms): Min: 0.0, Avg: 0.1, Max: 0.2, Diff: 0.2, Sum: 0.2]
      [Code Root Scanning (ms): Min: 0.0, Avg: 0.1, Max: 0.2, Diff: 0.2, Sum: 0.2]
      [Object Copy (ms): Min: 7.6, Avg: 7.7, Max: 7.7, Diff: 0.1, Sum: 15.3]
      [Termination (ms): Min: 0.0, Avg: 0.0, Max: 0.0, Diff: 0.0, Sum: 0.0]
      [GC Worker Other (ms): Min: 0.1, Avg: 0.1, Max: 0.1, Diff: 0.0, Sum: 0.1]
      [GC Worker Total (ms): Min: 16.3, Avg: 16.4, Max: 16.4, Diff: 0.2, Sum: 32.7]
      [GC Worker End (ms): Min: 1722179.5, Avg: 1722179.5, Max: 1722179.5, Diff: 0.0]
   [Code Root Fixup: 0.2 ms]
   [Code Root Migration: 0.2 ms]
   [Clear CT: 0.2 ms]
   [Other: 0.8 ms]
      [Choose CSet: 0.0 ms]
      [Ref Proc: 0.3 ms]
      [Ref Enq: 0.0 ms]
      [Free CSet: 0.3 ms]
   [Eden: 198.0M(198.0M)->0.0B(198.0M) Survivors: 6144.0K->6144.0K Heap: 219.5M(4096.0M)->21.5M(4096.0M)]
 [Times: user=0.03 sys=0.00, real=0.04 secs] 
2015-06-25T16:31:09.686-0100: 1750.084: [GC pause (young), 0.0514010 secs]
   [Parallel Time: 49.3 ms, GC Workers: 2]
      [GC Worker Start (ms): Min: 1750083.6, Avg: 1750083.7, Max: 1750083.8, Diff: 0.1]
      [Ext Root Scanning (ms): Min: 7.6, Avg: 7.6, Max: 7.7, Diff: 0.1, Sum: 15.3]
      [Update RS (ms): Min: 0.4, Avg: 0.6, Max: 0.8, Diff: 0.4, Sum: 1.3]
         [Processed Buffers: Min: 1, Avg: 5.0, Max: 9, Diff: 8, Sum: 10]
      [Scan RS (ms): Min: 0.1, Avg: 0.1, Max: 0.1, Diff: 0.1, Sum: 0.2]
      [Code Root Scanning (ms): Min: 0.0, Avg: 0.1, Max: 0.2, Diff: 0.2, Sum: 0.2]
      [Object Copy (ms): Min: 11.2, Avg: 26.0, Max: 40.8, Diff: 29.6, Sum: 52.0]
      [Termination (ms): Min: 0.0, Avg: 14.8, Max: 29.5, Diff: 29.5, Sum: 29.5]
      [GC Worker Other (ms): Min: 0.0, Avg: 0.0, Max: 0.0, Diff: 0.0, Sum: 0.0]
      [GC Worker Total (ms): Min: 49.1, Avg: 49.2, Max: 49.3, Diff: 0.2, Sum: 98.4]
      [GC Worker End (ms): Min: 1750132.9, Avg: 1750132.9, Max: 1750132.9, Diff: 0.0]
   [Code Root Fixup: 0.2 ms]
   [Code Root Migration: 0.2 ms]
   [Clear CT: 0.2 ms]
   [Other: 1.5 ms]
      [Choose CSet: 0.0 ms]
      [Ref Proc: 0.9 ms]
      [Ref Enq: 0.0 ms]
      [Free CSet: 0.3 ms]
   [Eden: 198.0M(198.0M)->0.0B(198.0M) Survivors: 6144.0K->6144.0K Heap: 219.5M(4096.0M)->21.5M(4096.0M)]
 [Times: user=0.05 sys=0.00, real=0.12 secs] 
2015-06-25T16:31:34.215-0100: 1774.613: [GC pause (young), 0.0254480 secs]
   [Parallel Time: 22.7 ms, GC Workers: 2]
      [GC Worker Start (ms): Min: 1774612.7, Avg: 1774612.7, Max: 1774612.7, Diff: 0.0]
      [Ext Root Scanning (ms): Min: 8.3, Avg: 10.2, Max: 12.1, Diff: 3.8, Sum: 20.3]
      [Update RS (ms): Min: 0.0, Avg: 1.1, Max: 2.1, Diff: 2.1, Sum: 2.1]
         [Processed Buffers: Min: 0, Avg: 5.0, Max: 10, Diff: 10, Sum: 10]
      [Scan RS (ms): Min: 0.0, Avg: 0.1, Max: 0.2, Diff: 0.2, Sum: 0.2]
      [Code Root Scanning (ms): Min: 0.0, Avg: 0.1, Max: 0.2, Diff: 0.2, Sum: 0.2]
      [Object Copy (ms): Min: 8.9, Avg: 9.5, Max: 10.1, Diff: 1.2, Sum: 19.0]
      [Termination (ms): Min: 0.0, Avg: 0.0, Max: 0.0, Diff: 0.0, Sum: 0.0]
      [GC Worker Other (ms): Min: 1.6, Avg: 1.7, Max: 1.7, Diff: 0.0, Sum: 3.3]
      [GC Worker Total (ms): Min: 22.6, Avg: 22.6, Max: 22.6, Diff: 0.0, Sum: 45.2]
      [GC Worker End (ms): Min: 1774635.3, Avg: 1774635.3, Max: 1774635.3, Diff: 0.0]
   [Code Root Fixup: 0.5 ms]
   [Code Root Migration: 0.2 ms]
   [Clear CT: 0.2 ms]
   [Other: 1.8 ms]
      [Choose CSet: 0.0 ms]
      [Ref Proc: 1.4 ms]
      [Ref Enq: 0.0 ms]
      [Free CSet: 0.3 ms]
   [Eden: 198.0M(198.0M)->0.0B(198.0M) Survivors: 6144.0K->6144.0K Heap: 219.5M(4096.0M)->21.5M(4096.0M)]
 [Times: user=0.03 sys=0.00, real=0.05 secs] 
2015-06-25T16:31:59.976-0100: 1800.373: [GC pause (young), 0.0292570 secs]
   [Parallel 2015-06-25T16:32:06.524-0100: 1288.029: [GC pause (young), 0.0243320 secs]
   [Parallel Time: 23.2 ms, GC Workers: 2]
      [GC Worker Start (ms): Min: 1288029.2, Avg: 1288029.2, Max: 1288029.2, Diff: 0.0]
      [Ext Root Scanning (ms): Min: 0.7, Avg: 6.9, Max: 13.1, Diff: 12.5, Sum: 13.8]
      [Update RS (ms): Min: 0.0, Avg: 0.6, Max: 1.2, Diff: 1.2, Sum: 1.2]
         [Processed Buffers: Min: 0, Avg: 6.0, Max: 12, Diff: 12, Sum: 12]
      [Scan RS (ms): Min: 0.0, Avg: 0.1, Max: 0.2, Diff: 0.2, Sum: 0.2]
      [Code Root Scanning (ms): Min: 0.0, Avg: 0.1, Max: 0.1, Diff: 0.1, Sum: 0.1]
      [Object Copy (ms): Min: 8.4, Avg: 15.4, Max: 22.4, Diff: 14.0, Sum: 30.8]
      [Termination (ms): Min: 0.0, Avg: 0.0, Max: 0.0, Diff: 0.0, Sum: 0.0]
      [GC Worker Other (ms): Min: 0.0, Avg: 0.0, Max: 0.0, Diff: 0.0, Sum: 0.0]
      [GC Worker Total (ms): Min: 23.1, Avg: 23.1, Max: 23.1, Diff: 0.0, Sum: 46.2]
      [GC Worker End (ms): Min: 1288052.3, Avg: 1288052.3, Max: 1288052.3, Diff: 0.0]
   [Code Root Fixup: 0.2 ms]
   [Code Root Migration: 0.2 ms]
   [Clear CT: 0.2 ms]
   [Other: 0.7 ms]
      [Choose CSet: 0.0 ms]
      [Ref Proc: 0.3 ms]
      [Ref Enq: 0.0 ms]
      [Free CSet: 0.2 ms]
   [Eden: 198.0M(198.0M)->0.0B(200.0M) Survivors: 6144.0K->4096.2015-06-25T16:32:27.358-0100: 1827.755: [GC pause (young), 0.0198700 secs]
   [Parallel 2015-06-25T16:32:40.634-0100: 1322.140: [GC pause (young), 0.1109360 secs]
   [Parallel Time: 109.8 ms, GC Workers: 2]
      [GC Worker Start (ms): Min: 1322139.8, Avg: 1322139.8, Max: 1322139.9, Diff: 0.1]
      [Ext Root Scanning (ms): Min: 16.0, Avg: 62.8, Max: 109.7, Diff: 93.7, Sum: 125.6]
      [Update RS (ms): Min: 0.0, Avg: 0.7, Max: 1.4, Diff: 1.4, Sum: 1.4]
         [Processed Buffers: Min: 0, Avg: 5.0, Max: 10, Diff: 10, Sum: 10]
      [Scan RS (ms): Min: 0.0, Avg: 0.1, Max: 0.2, Diff: 0.2, Sum: 0.2]
      [Code Root Scanning (ms): Min: 0.0, Avg: 0.1, Max: 0.1, Diff: 0.1, Sum: 0.1]
      [Object Copy (ms): Min: 0.1, Avg: 18.1, Max: 36.1, Diff: 36.0, Sum: 36.2]
      [Termination (ms): Min: 0.0, Avg: 27.9, Max: 55.8, Diff: 55.8, Sum: 55.8]
      [GC Worker Other (ms): Min: 0.0, Avg: 0.0, Max: 0.0, Diff: 0.0, Sum: 0.0]
      [GC Worker Total (ms): Min: 109.7, Avg: 109.7, Max: 109.8, Diff: 0.1, Sum: 219.4]
      [GC Worker End (ms): Min: 1322249.6, Avg: 1322249.6, Max: 1322249.6, Diff: 0.0]
   [Code Root Fixup: 0.2 ms]
   [Code Root Migration: 0.2 ms]
   [Clear CT: 0.1 ms]
   [Other: 0.7 ms]
      [Choose CSet: 0.0 ms]
      [Ref Proc: 0.3 ms]
      [Ref Enq: 0.0 ms]
      [Free CSet: 0.2 ms]
   [Eden: 200.0M(200.0M)->0.0B(198.0M) Survivo2015-06-25T16:32:53.966-0100: 1854.363: [GC pause (young), 0.0181180 secs]
   [Parallel Time: 16.8 ms, GC 2015-06-25T16:33:11.389-0100: 1352.894: [GC pause (young), 0.0469900 secs]
   [Parallel Time: 45.6 ms, GC Workers: 2]
      [GC Worker Start (ms): Min: 1352894.5, Avg: 1352894.5, Max: 1352894.5, Diff: 0.0]
      [Ext Root Scanning (ms): Min: 7.5, Avg: 7.6, Max: 7.6, Diff: 0.1, Sum: 15.1]
      [Update RS (ms): Min: 1.0, Avg: 19.0, Max: 37.0, Diff: 36.1, Sum: 38.0]
         [Processed Buffers: Min: 7, Avg: 7.5, Max: 8, Diff: 1, Sum: 15]
      [Scan RS (ms): Min: 0.0, Avg: 0.1, Max: 0.2, Diff: 0.2, Sum: 0.2]
      [Code Root Scanning (ms): Min: 0.0, Avg: 0.1, Max: 0.2, Diff: 0.2, Sum: 0.2]
      [Object Copy (ms): Min: 0.9, Avg: 6.7, Max: 12.5, Diff: 11.6, Sum: 13.3]
      [Termination (ms): Min: 0.0, Avg: 12.1, Max: 24.2, Diff: 24.2, Sum: 24.2]
      [GC Worker Other (ms): Min: 0.0, Avg: 0.0, Max: 0.0, Diff: 0.0, Sum: 0.1]
      [GC Worker Total (ms): Min: 45.5, Avg: 45.5, Max: 45.6, Diff: 0.0, Sum: 91.1]
      [GC Worker End (ms): Min: 1352940.1, Avg: 1352940.1, Max: 1352940.1, Diff: 0.0]
   [Code Root Fixup: 0.2 ms]
   [Code Root Migration: 0.2 ms]
   [Clear CT: 0.1 ms]
   [Other: 0.9 ms]
      [Choose CSet: 0.0 ms]
      [Ref Proc: 0.5 ms]
      [Ref Enq: 0.1 ms]
      [Free CSet: 0.3 ms]
   [Eden: 198.0M(198.0M)->0.0B(196.2015-06-25T16:33:24.148-0100: 1884.546: [GC pause (young), 0.0200470 secs]
   [Parallel Time: 17.5 ms, GC Workers: 2]2015-06-25T16:33:48.415-0100: 1389.921: [GC pause (young), 0.0170970 secs]
   [Parallel Time: 15.7 ms, GC Workers: 2]
      [GC Worker Start (ms): Min: 1389920.7, Avg: 1389920.7, Max: 1389920.7, Diff: 0.0]
      [Ext Root Scanning (ms): Min: 7.4, Avg: 7.4, Max: 7.5, Diff: 0.1, Sum: 14.9]
      [Update RS (ms): Min: 0.3, Avg: 0.6, Max: 1.0, Diff: 0.6, Sum: 1.3]
         [Processed Buffers: Min: 1, Avg: 6.5, Max: 12, Diff: 11, Sum: 13]
      [Scan RS (ms): Min: 0.0, Avg: 0.1, Max: 0.2, Diff: 0.2, Sum: 0.2]
      [Code Root Scanning (ms): Min: 0.0, Avg: 0.1, Max: 0.2, Diff: 0.2, Sum: 0.2]
      [Object Copy (ms): Min: 7.2, Avg: 7.3, Max: 7.4, Diff: 0.3, Sum: 14.6]
      [Termination (ms): Min: 0.0, Avg: 0.0, Max: 0.0, Diff: 0.0, Sum: 0.0]
      [GC Worker Other (ms): Min: 0.1, Avg: 0.1, Max: 0.1, Diff: 0.0, Sum: 0.2]
      [GC Worker Total (ms): Min: 15.7, Avg: 15.7, Max: 15.7, Diff: 0.0, Sum: 31.3]
      [GC Worker End (ms): Min: 1389936.4, Avg: 1389936.4, Max: 1389936.4, Diff: 0.0]
   [Code Root Fixup: 0.2 ms]
   [Code Root Migration: 0.2 ms]
   [Clear CT: 0.2 ms]
   [Other: 0.8 ms]
      [Choose CSet: 0.0 ms]
      [Ref Proc: 0.5 ms]
      [Ref Enq: 0.1 ms]
      [Free CSet: 0.2 ms]
   [Eden: 196.0M(196.0M)->0.0B(192015-06-25T16:33:51.656-0100: 1912.053: [GC pause (young), 0.2136190 secs]
   [Parallel Time: 211.3 ms, GC Workers: 2]
2015-06-25T16:34:12.820-0100: 1414.326: [GC pause (young), 0.0182520 secs]
   [Parallel Time: 15.9 ms, GC Workers: 2]
      [GC Worker Start (ms): Min: 1414325.7, Avg: 1414325.7, Max: 1414325.7, Diff: 0.0]
      [Ext Root Scanning (ms): Min: 7.5, Avg: 7.5, Max: 7.5, Diff: 0.0, Sum: 15.1]
      [Update RS (ms): Min: 0.3, Avg: 0.6, Max: 1.0, Diff: 0.7, Sum: 1.3]
         [Processed Buffers: Min: 1, Avg: 5.0, Max: 9, Diff: 8, Sum: 10]
      [Scan RS (ms): Min: 0.0, Avg: 0.1, Max: 0.2, Diff: 0.2, Sum: 0.2]
      [Code Root Scanning (ms): Min: 0.0, Avg: 0.1, Max: 0.2, Diff: 0.2, Sum: 0.2]
      [Object Copy (ms): Min: 7.3, Avg: 7.4, Max: 7.5, Diff: 0.2, Sum: 14.7]
      [Termination (ms): Min: 0.0, Avg: 0.1, Max: 0.1, Diff: 0.1, Sum: 0.1]
      [GC Worker Other (ms): Min: 0.0, Avg: 0.0, Max: 0.0, Diff: 0.0, Sum: 0.0]
      [GC Worker Total (ms): Min: 15.8, Avg: 15.8, Max: 15.9, Diff: 0.1, Sum: 31.6]
      [GC Worker End (ms): Min: 1414341.5, Avg: 1414341.5, Max: 1414341.6, Diff: 0.1]
   [Code Root Fixup: 0.3 ms]
   [Code Root Migration: 0.2 ms]
   [Clear CT: 0.2 ms]
   [Other: 1.7 ms]
      [Choose CSet: 0.0 ms]
      [Ref Proc: 1.3 ms]
      [Ref Enq: 0.1 ms]
      [Free CSet: 0.2 ms]
   [Eden: 198.0M(198.0M)->0.0B(200.0M) Survivors: 2015-06-25T16:34:19.217-0100: 1939.615: [GC pause (young), 0.0279890 secs]
   [Parallel Time: 26.8 ms,2015-06-25T16:34:52.635-0100: 1454.141: [GC pause (young), 0.1087410 secs]
   [Parallel Time: 107.7 ms, GC Workers: 2]
      [GC Worker Start (ms): Min: 1454140.7, Avg: 1454141.0, Max: 1454141.2, Diff: 0.5]
      [Ext Root Scanning (ms): Min: 8.0, Avg: 8.2, Max: 8.3, Diff: 0.3, Sum: 16.3]
      [Update RS (ms): Min: 95.7, Avg: 95.7, Max: 95.7, Diff: 0.1, Sum: 191.4]
         [Processed Buffers: Min: 7, Avg: 12.0, Max: 17, Diff: 10, Sum: 24]
      [Scan RS (ms): Min: 0.1, Avg: 0.1, Max: 0.1, Diff: 0.0, Sum: 0.3]
      [Code Root Scanning (ms): Min: 0.0, Avg: 0.0, Max: 0.1, Diff: 0.1, Sum: 0.1]
      [Object Copy (ms): Min: 3.1, Avg: 3.3, Max: 3.5, Diff: 0.3, Sum: 6.6]
      [Termination (ms): Min: 0.0, Avg: 0.0, Max: 0.0, Diff: 0.0, Sum: 0.0]
      [GC Worker Other (ms): Min: 0.1, Avg: 0.1, Max: 0.1, Diff: 0.0, Sum: 0.1]
      [GC Worker Total (ms): Min: 107.1, Avg: 107.4, Max: 107.6, Diff: 0.5, Sum: 214.8]
      [GC Worker End (ms): Min: 1454248.3, Avg: 1454248.3, Max: 1454248.3, Diff: 0.0]
   [Code Root Fixup: 0.1 ms]
   [Code Root Migration: 0.1 ms]
   [Clear CT: 0.1 ms]
   [Other: 0.7 ms]
      [Choose CSet: 0.0 ms]
      [Ref Proc: 0.4 ms]
      [Ref Enq: 0.0 ms]
      [Free CSet: 0.2 ms]
   [Eden: 200.0M(200.0M)->0.0B(200.0M) Survivors: 4096.0K->4096.0K Heap: 221.3M(4096.0M)->22.4M(4096.0M)]
 [Times: user=0.03 sys=0.00, real=0.11 secs] 
2015-06-25T16:35:23.103-0100: 1484.608: [GC pause (young), 0.0768270 secs]
   [Parallel Time: 75.8 ms, GC Workers: 2]
      [GC Worker Start (ms): Min: 1484608.6, Avg: 1484608.8, Max: 1484608.9, Diff: 0.3]
      [Ext Root Scanning (ms): Min: 7.4, Avg: 7.6, Max: 7.8, Diff: 0.4, Sum: 15.3]
      [Update RS (ms): Min: 39.8, Avg: 53.5, Max: 67.1, Diff: 27.3, Sum: 106.9]
         [Processed Buffers: Min: 2, Avg: 9.5, Max: 17, Diff: 15, Sum: 19]
      [Scan RS (ms): Min: 0.0, Avg: 0.1, Max: 0.2, Diff: 0.2, Sum: 0.2]
      [Code Root Scanning (ms): Min: 0.0, Avg: 0.0, Max: 0.0, Diff: 0.0, Sum: 0.0]
      [Object Copy (ms): Min: 0.8, Avg: 3.5, Max: 6.1, Diff: 5.4, Sum: 6.9]
      [Termination (ms): Min: 0.0, Avg: 10.9, Max: 21.8, Diff: 21.8, Sum: 21.8]
      [GC Worker Other (ms): Min: 0.1, Avg: 0.1, Max: 0.1, Diff: 0.0, Sum: 0.1]
      [GC Worker Total (ms): Min: 75.5, Avg: 75.6, Max: 75.8, Diff: 0.3, Sum: 151.3]
      [GC Worker End (ms): Min: 1484684.4, Avg: 1484684.4, Max: 1484684.4, Diff: 0.0]
   [Code Root Fixup: 0.1 ms]
   [Code Root Migration: 0.1 ms]
   [Clear CT: 0.1 ms]
   [Other: 0.7 ms]
      [Choose CSet: 0.0 ms]
      [Ref Proc: 0.3 ms]
      [Ref Enq: 0.0 ms]
      [Free CSet: 0.2 ms]
   [Eden: 200.0M(200.0M)->0.0B(200.0M) Survivors: 4096.0K->4096.0K Heap: 222.4M(4096.0M)->22.7M(4096.0M)]
 [Times: user=0.04 sys=0.00, real=0.10 secs] 
2015-06-25T16:35:56.546-0100: 1518.052: [GC pause (young), 0.0135900 secs]
   [Parallel Time: 12.6 ms, GC Workers: 2]
      [GC Worker Start (ms): Min: 1518051.9, Avg: 1518052.0, Max: 1518052.1, Diff: 0.3]
      [Ext Root Scanning (ms): Min: 7.3, Avg: 7.6, Max: 8.0, Diff: 0.7, Sum: 15.3]
      [Update RS (ms): Min: 0.1, Avg: 0.7, Max: 1.4, Diff: 1.2, Sum: 1.5]
         [Processed Buffers: Min: 3, Avg: 9.5, Max: 16, Diff: 13, Sum: 19]
      [Scan RS (ms): Min: 0.1, Avg: 0.1, Max: 0.2, Diff: 0.1, Sum: 0.2]
      [Code Root Scanning (ms): Min: 0.0, Avg: 0.1, Max: 0.2, Diff: 0.2, Sum: 0.2]
      [Object Copy (ms): Min: 3.6, Avg: 3.7, Max: 3.7, Diff: 0.1, Sum: 7.3]
      [Termination (ms): Min: 0.0, Avg: 0.0, Max: 0.0, Diff: 0.0, Sum: 0.0]
      [GC Worker Other (ms): Min: 0.1, Avg: 0.1, Max: 0.1, Diff: 0.0, Sum: 0.2]
      [GC Worker Total (ms): Min: 12.3, Avg: 12.4, Max: 12.5, Diff: 0.3, Sum: 24.8]
      [GC Worker End (ms): Min: 1518064.4, Avg: 1518064.4, Max: 1518064.4, Diff: 0.0]
   [Code Root Fixup: 0.1 ms]
   [Code Root Migration: 0.1 ms]
   [Clear CT: 0.1 ms]
   [Other: 0.7 ms]
      [Choose CSet: 0.0 ms]
      [Ref Proc: 0.3 ms]
      [Ref Enq: 0.0 ms]
      [Free CSet: 0.2 ms]
   [Eden: 200.0M(200.0M)->0.0B(232.0M) Survivors: 4096.0K->4096.0K Heap: 222.7M(4096.0M)->22.8M(4096.0M)]
 [Times: user=0.02 sys=0.00, real=0.02 secs] 
2015-06-25T16:36:31.626-0100: 1553.131: [GC pause (young), 0.0695150 secs]
   [Parallel Time: 68.5 ms, GC Workers: 2]
      [GC Worker Start (ms): Min: 1553131.3, Avg: 1553131.3, Max: 1553131.3, Diff: 0.0]
      [Ext Root Scanning (ms): Min: 7.6, Avg: 7.7, Max: 7.8, Diff: 0.2, Sum: 15.3]
      [Update RS (ms): Min: 0.6, Avg: 0.7, Max: 0.8, Diff: 0.2, Sum: 1.4]
         [Processed Buffers: Min: 7, Avg: 9.5, Max: 12, Diff: 5, Sum: 19]
      [Scan RS (ms): Min: 0.1, Avg: 0.1, Max: 0.1, Diff: 0.0, Sum: 0.3]
      [Code Root Scanning (ms): Min: 0.0, Avg: 0.0, Max: 0.0, Diff: 0.0, Sum: 0.0]
      [Object Copy (ms): Min: 51.1, Avg: 55.5, Max: 59.9, Diff: 8.7, Sum: 111.0]
      [Termination (ms): Min: 0.0, Avg: 4.4, Max: 8.7, Diff: 8.7, Sum: 8.7]
      [GC Worker Other (ms): Min: 0.0, Avg: 0.1, Max: 0.1, Diff: 0.0, Sum: 0.1]
      [GC Worker Total (ms): Min: 68.5, Avg: 68.5, Max: 68.5, Diff: 0.0, Sum: 136.9]
      [GC Worker End (ms): Min: 1553199.8, Avg: 1553199.8, Max: 1553199.8, Diff: 0.0]
   [Code Root Fixup: 0.1 ms]
   [Code Root Migration: 0.1 ms]
   [Clear CT: 0.2 ms]
   [Other: 0.6 ms]
      [Choose CSet: 0.0 ms]
      [Ref Proc: 0.3 ms]
      [Ref Enq: 0.0 ms]
      [Free CSet: 0.2 ms]
   [Eden: 232.0M(232.0M)->0.0B(932.0M) Survivors: 402015-06-25T16:40:15.931-0100: 2296.328: [GC pause (young), 0.4361700 secs]
   [Parallel Time: 431.8 ms, GC Workers: 2]
      [GC Worker Start (ms): Min: 2296328.5, Avg: 2296328.5, Max: 2296328.5, Diff: 0.0]
      [Ext Root Scanning (ms): Min: 232.1, Avg: 331.3, Max: 430.5, Diff: 198.4, Sum: 662.5]
      [Update RS (ms): Min: 0.0, Avg: 1.0, Max: 2.0, Diff: 2.0, Sum: 2.0]
         [Processed Buffers: Min: 0, Avg: 10.5, Max: 21, Diff: 21, Sum: 21]
      [Scan RS (ms): Min: 0.2, Avg: 1.0, Max: 1.9, Diff: 1.7, Sum: 2.1]
      [Code Root Scanning (ms): Min: 0.0, Avg: 65.3, Max: 130.6, Diff: 130.6, Sum: 130.6]
      [Object Copy (ms): Min: 1.1, Avg: 3.3, Max: 5.6, Diff: 4.5, Sum: 6.7]
      [Termination (ms): Min: 0.0, Avg: 29.8, Max: 59.6, Diff: 59.6, Sum: 59.6]
      [GC Worker Other (ms): Min: 0.0, Avg: 0.0, Max: 0.0, Diff: 0.0, Sum: 0.1]
      [GC Worker Total (ms): Min: 431.8, Avg: 431.8, Max: 431.8, Diff: 0.0, Sum: 863.6]
      [GC Worker End (ms): Min: 2296760.3, Avg: 2296760.3, Max: 2296760.3, Diff: 0.0]
   [Code Root Fixup: 0.2 ms]
   [Code Root Migration: 0.3 ms]
   [Clear CT: 1.7 ms]
   [Other: 2.1 ms]
      [Choose CSet: 0.0 ms]
      [Ref Proc: 0.4 ms]
      [Ref Enq: 0.1 ms]
      [Free CSet: 1.5 ms]
   [Eden: 1808.0M(1808.0M)->0.0B(198.0M) Survivors: 4096.0K->6144.0K Heap: 1830.9M(4096.0M)->25.5M(4096.0M)]
 [Times: user=0.08 sys=0.02, real=0.48 secs] 
2015-06-25T16:40:42.592-0100: 2322.990: [GC pause (young), 0.0546680 secs]
   [Parallel Time: 53.8 ms, GC Workers: 2]
      [GC Worker Start (ms): Min: 2322989.7, Avg: 2322989.7, Max: 2322989.7, Diff: 0.0]
      [Ext Root Scanning (ms): Min: 7.7, Avg: 7.9, Max: 8.0, Diff: 0.3, Sum: 15.7]
      [Update RS (ms): Min: 0.5, Avg: 0.6, Max: 0.7, Diff: 0.2, Sum: 1.2]
         [Processed Buffers: Min: 1, Avg: 10.5, Max: 20, Diff: 19, Sum: 21]
      [Scan RS (ms): Min: 0.0, Avg: 0.1, Max: 0.2, Diff: 0.2, Sum: 0.2]
      [Code Root Scanning (ms): Min: 0.0, Avg: 0.0, Max: 0.0, Diff: 0.0, Sum: 0.0]
      [Object Copy (ms): Min: 4.4, Avg: 24.8, Max: 45.1, Diff: 40.7, Sum: 49.5]
      [Termination (ms): Min: 0.0, Avg: 20.3, Max: 40.6, Diff: 40.6, Sum: 40.6]
      [GC Worker Other (ms): Min: 0.0, Avg: 0.0, Max: 0.1, Diff: 0.0, Sum: 0.1]
      [GC Worker Total (ms): Min: 53.7, Avg: 53.7, Max: 53.7, Diff: 0.0, Sum: 107.4]
      [GC Worker End (ms): Min: 2323043.4, Avg: 2323043.4, Max: 2323043.4, Diff: 0.0]
   [Code Root Fixup: 0.1 ms]
   [Code Root Migration: 0.0 ms]
   [Clear CT: 0.1 ms]
   [Other: 0.7 ms]
      [Choose CSet: 0.0 ms]
      [Ref Proc: 0.3 ms]
      [Ref Enq: 0.0 ms]
      [Free CSet: 0.2 ms]
   [Eden: 198.0M(198.0M)->0.0B(202.0M) Survivors: 6144.0K->2048.0K Heap: 223.5M(4096.0M)->22.5M(4096.0M)]
 [Times: user=0.06 sys=0.00, real=0.08 secs] 
2015-06-25T16:41:05.107-0100: 2345.505: [GC pause (young), 0.0244460 secs]
   [Paral2015-06-25T16:41:13.794-0100: 1835.300: [GC pause (young), 0.1256820 secs]
   [Parallel Time: 90.8 ms, GC Workers: 2]
      [GC Worker Start (ms): Min: 1835299.7, Avg: 1835299.8, Max: 1835299.8, Diff: 0.0]
      [Ext Root Scanning (ms): Min: 7.4, Avg: 8.5, Max: 9.6, Diff: 2.2, Sum: 17.1]
      [Update RS (ms): Min: 0.2, Avg: 41.5, Max: 82.7, Diff: 82.4, Sum: 82.9]
         [Processed Buffers: Min: 2, Avg: 9.0, Max: 16, Diff: 14, Sum: 18]
      [Scan RS (ms): Min: 0.0, Avg: 0.2, Max: 0.3, Diff: 0.3, Sum: 0.3]
      [Code Root Scanning (ms): Min: 0.0, Avg: 0.0, Max: 0.0, Diff: 0.0, Sum: 0.0]
      [Object Copy (ms): Min: 0.6, Avg: 3.3, Max: 6.0, Diff: 5.4, Sum: 6.7]
      [Termination (ms): Min: 0.0, Avg: 37.2, Max: 74.5, Diff: 74.5, Sum: 74.5]
      [GC Worker Other (ms): Min: 0.0, Avg: 0.0, Max: 0.1, Diff: 0.0, Sum: 0.1]
      [GC Worker Total (ms): Min: 90.8, Avg: 90.8, Max: 90.8, Diff: 0.0, Sum: 181.6]
      [GC Worker End (ms): Min: 1835390.5, Avg: 1835390.5, Max: 1835390.5, Diff: 0.0]
   [Code Root Fixup: 0.1 ms]
   [Code Root Migration: 0.0 ms]
   [Clear CT: 0.2 ms]
   [Other: 34.6 ms]
      [Choose CSet: 0.0 ms]
      [Ref Proc: 0.3 ms]
      [Ref Enq: 0.0 ms]
      [Free CSet: 34.1 ms]
   [Eden: 332.0M(332.0M)->0.0B(388.0M) Survivors: 4096.0K->42015-06-25T16:43:18.271-0100: 2478.668: [GC pause (young), 0.0573420 secs]
   [Parallel Time: 54.0 ms, GC Workers: 2]
      [GC Worker Start (ms): Min: 2478669.1, Avg: 2478673.1, Max: 2478677.1, Diff: 8.1]
      [Ext Root Scanning (ms): Min: 9.1, Avg: 14.0, Max: 18.9, Diff: 9.8, Sum: 28.0]
      [Update RS (ms): Min: 0.5, Avg: 18.1, Max: 35.6, Diff: 35.1, Sum: 36.2]
         [Processed Buffers: Min: 1, Avg: 9.5, Max: 18, Diff: 17, Sum: 19]
      [Scan RS (ms): Min: 0.1, Avg: 0.5, Max: 0.9, Diff: 0.9, Sum: 1.0]
      [Code Root Scanning (ms): Min: 0.0, Avg: 0.0, Max: 0.1, Diff: 0.1, Sum: 0.1]
      [Object Copy (ms): Min: 0.6, Avg: 2.0, Max: 3.4, Diff: 2.8, Sum: 4.0]
      [Termination (ms): Min: 0.0, Avg: 14.8, Max: 29.5, Diff: 29.5, Sum: 29.5]
      [GC Worker Other (ms): Min: 0.0, Avg: 0.0, Max: 0.1, Diff: 0.0, Sum: 0.1]
      [GC Worker Total (ms): Min: 45.4, Avg: 49.4, Max: 53.5, Diff: 8.1, Sum: 98.8]
      [GC Worker End (ms): Min: 2478722.5, Avg: 2478722.5, Max: 2478722.5, Diff: 0.0]
   [Code Root Fixup: 0.1 ms]
   [Code Root Migration: 0.1 ms]
   [Clear CT: 0.6 ms]
   [Other: 2.5 ms]
      [Choose CSet: 0.0 ms]
      [Ref Proc: 1.6 ms]
      [Ref Enq: 0.0 ms]
      [Free CSet: 0.7 ms]
   [Eden: 916.0M(916.0M)->0.0B(2452.0M) Survivors: 4096.0K->4096.0K Heap: 940.0M(4096.0M)->23.5M(4096.0M)]
 [Times: user=0.04 sys=0.00, real=0.11 secs] 
2015-06-25T16:49:35.099-0100: 2855.497: [GC pause (young), 0.1506410 secs]
   [Parallel Time: 145.7 ms, GC Workers: 2]
      [GC Worker Start (ms): Min: 2855496.8, Avg: 2855496.8, Max: 2855496.8, Diff: 0.0]
      [Ext Root Scanning (ms): Min: 7.3, Avg: 7.4, Max: 7.4, Diff: 0.1, Sum: 14.8]
      [Update RS (ms): Min: 0.8, Avg: 58.5, Max: 116.2, Diff: 115.3, Sum: 117.0]
         [Processed Buffers: Min: 1, Avg: 9.5, Max: 18, Diff: 17, Sum: 19]
      [Scan RS (ms): Min: 0.9, Avg: 1.5, Max: 2.2, Diff: 1.3, Sum: 3.1]
      [Code Root Scanning (ms): Min: 16.5, Avg: 74.7, Max: 132.8, Diff: 116.3, Sum: 149.3]
      [Object Copy (ms): Min: 3.4, Avg: 3.5, Max: 3.6, Diff: 0.2, Sum: 7.1]
      [Termination (ms): Min: 0.0, Avg: 0.0, Max: 0.0, Diff: 0.0, Sum: 0.0]
      [GC Worker Other (ms): Min: 0.0, Avg: 0.1, Max: 0.1, Diff: 0.0, Sum: 0.1]
      [GC Worker Total (ms): Min: 145.6, Avg: 145.6, Max: 145.6, Diff: 0.0, Sum: 291.3]
      [GC Worker End (ms): Min: 2855642.4, Avg: 2855642.4, Max: 2855642.4, Diff: 0.0]
   [Code Root Fixup: 0.1 ms]
   [Code Root Migration: 0.7 ms]
   [Clear CT: 1.6 ms]
   [Other: 2.6 ms]
      [Choose CSet: 0.0 ms]
      [Ref Proc: 0.3 ms]
      [Ref Enq: 0.0 ms]
      [Free CSet: 2.1 ms]
   [Eden: 2452.0M(2452.0M)->0.0B(2452.0M) Survivors: 4096.0K->4096.0K Heap: 2475.5M(4096.0M)->23.3M(4096.0M)]
 [Times: user=0.03 sys=0.00, real=0.26 secs] 
2015-06-25T16:55:18.906-0100: 3199.304: [GC pause (young), 0.0174530 secs]
   [Parallel Time: 12.6 ms, GC Workers: 2]
      [GC Worker Start (ms): Min: 3199303.9, Avg: 3199303.9, Max: 3199303.9, Diff: 0.0]
      [Ext Root Scanning (ms): Min: 7.4, Avg: 7.5, Max: 7.7, Diff: 0.3, Sum: 15.0]
      [Update RS (ms): Min: 0.3, Avg: 0.6, Max: 0.8, Diff: 0.4, Sum: 1.1]
         [Processed Buffers: Min: 7, Avg: 9.5, Max: 12, Diff: 5, Sum: 19]
      [Scan RS (ms): Min: 1.8, Avg: 1.8, Max: 1.8, Diff: 0.0, Sum: 3.7]
      [Code Root Scanning (ms): Min: 0.0, Avg: 0.1, Max: 0.1, Diff: 0.1, Sum: 0.1]
      [Object Copy (ms): Min: 2.5, Avg: 2.6, Max: 2.6, Diff: 0.1, Sum: 5.1]
      [Termination (ms): Min: 0.0, Avg: 0.0, Max: 0.0, Diff: 0.0, Sum: 0.0]
      [GC Worker Other (ms): Min: 0.0, Avg: 0.0, Max: 0.0, Diff: 0.0, Sum: 0.1]
      [GC Worker Total (ms): Min: 12.6, Avg: 12.6, Max: 12.6, Diff: 0.0, Sum: 25.2]
      [GC Worker End (ms): Min: 3199316.5, Avg: 3199316.5, Max: 3199316.5, Diff: 0.0]
   [Code Root Fixup: 0.1 ms]
   [Code Root Migration: 0.3 ms]
   [Clear CT: 1.6 ms]
   [Other: 2.8 ms]
      [Choose CSet: 0.0 ms]
      [Ref Proc: 0.3 ms]
      [Ref Enq: 0.0 ms]
      [Free CSet: 2.3 ms]
   [Eden: 2452.0M(2452.0M)->0.0B(2452.0M) Survivors: 4096.0K->4096.0K Heap: 2475.3M(4096.0M)->23.5M(4096.0M)]
 [Times: user=0.03 sys=0.00, real=0.05 secs] 
2015-06-25T17:01:06.284-0100: 3546.682: [GC pause (young), 0.0532150 secs]
   [Parallel Time: 48.7 ms, GC Workers: 2]
      [GC Worker Start (ms): Min: 3546681.6, Avg: 3546681.7, Max: 3546681.8, Diff: 0.2]
      [Ext Root Scanning (ms): Min: 14.2, Avg: 31.3, Max: 48.5, Diff: 34.3, Sum: 62.6]
      [Update RS (ms): Min: 0.0, Avg: 0.4, Max: 0.9, Diff: 0.9, Sum: 0.9]
         [Processed Buffers: Min: 0, Avg: 10.0, Max: 20, Diff: 20, Sum: 20]
      [Scan RS (ms): Min: 0.1, Avg: 1.3, Max: 2.5, Diff: 2.3, Sum: 2.6]
      [Code Root Scanning (ms): Min: 0.0, Avg: 0.1, Max: 0.1, Diff: 0.1, Sum: 0.1]
      [Object Copy (ms): Min: 0.0, Avg: 2.8, Max: 5.6, Diff: 5.6, Sum: 5.6]
      [Termination (ms): Min: 0.0, Avg: 12.6, Max: 25.3, Diff: 25.3, Sum: 25.3]
      [GC Worker Other (ms): Min: 0.0, Avg: 0.0, Max: 0.0, Diff: 0.0, Sum: 0.1]
      [GC Worker Total (ms): Min: 48.5, Avg: 48.6, Max: 48.7, Diff: 0.2, Sum: 97.2]
      [GC Worker End (ms): Min: 3546730.3, Avg: 3546730.3, Max: 3546730.3, Diff: 0.0]
   [Code Root Fixup: 0.1 ms]
   [Code Root Migration: 0.3 ms]
   [Clear CT: 1.6 ms]
   [Other: 2.5 ms]
      [Choose CSet: 0.0 ms]
      [Ref Proc: 0.4 ms]
      [Ref Enq: 0.0 ms]
      [Free CSet: 1.9 ms]
   [Eden: 2452.0M(2452.0M)->0.0B(2452.0M) Survivors: 4096.0K->4096.0K Heap: 2475.5M(4096.0M)->23.8M(4096.0M)]
 [Times: user=0.05 sys=0.00, real=0.07 secs] 
2015-06-25T17:06:47.079-0100: 3887.476: [GC pause (young), 0.0173710 secs]
   [Parallel Time: 12.8 ms, GC Workers: 2]
      [GC Worker Start (ms): Min: 3887476.3, Avg: 3887476.3, Max: 3887476.3, Diff: 0.0]
      [Ext Root Scanning (ms): Min: 7.3, Avg: 7.3, Max: 7.3, Diff: 0.1, Sum: 14.6]
      [Update RS (ms): Min: 0.3, Avg: 0.5, Max: 0.6, Diff: 0.4, Sum: 0.9]
         [Processed Buffers: Min: 1, Avg: 8.5, Max: 16, Diff: 15, Sum: 17]
      [Scan RS (ms): Min: 1.7, Avg: 1.8, Max: 1.9, Diff: 0.2, Sum: 3.5]
      [Code Root Scanning (ms): Min: 0.0, Avg: 0.1, Max: 0.1, Diff: 0.1, Sum: 0.1]
      [Object Copy (ms): Min: 3.1, Avg: 3.1, Max: 3.1, Diff: 0.1, Sum: 6.2]
      [Termination (ms): Min: 0.0, Avg: 0.0, Max: 0.1, Diff: 0.1, Sum: 0.1]
      [GC Worker Other (ms): Min: 0.0, Avg: 0.0, Max: 0.0, Diff: 0.0, Sum: 0.0]
      [GC Worker Total (ms): Min: 12.7, Avg: 12.8, Max: 12.8, Diff: 0.0, Sum: 25.5]
      [GC Worker End (ms): Min: 3887489.1, Avg: 3887489.1, Max: 3887489.1, Diff: 0.0]
   [Code Root Fixup: 0.1 ms]
   [Code Root Migration: 0.3 ms]
   [Clear CT: 1.7 ms]
   [Other: 2.5 ms]
      [Choose CSet: 0.0 ms]
      [Ref Proc: 0.3 ms]
      [Ref Enq: 0.1 ms]
      [Free CSet: 2.0 ms]
   [Eden: 2452.0M(2452.0M)->0.0B(2452.0M) Survivors: 4096.0K->4096.0K Heap: 2475.8M(4096.0M)->23.7M(4096.0M)]
 [Times: user=0.03 sys=0.00, real=0.02 secs] 
2015-06-25T17:12:21.513-0100: 4221.911: [GC pause (young), 0.0177560 secs]
   [Parallel Time: 12.9 ms, GC Workers: 2]
      [GC Worker Start (ms): Min: 4221910.9, Avg: 4221910.9, Max: 4221910.9, Diff: 0.0]
      [Ext Root Scanning (ms): Min: 7.3, Avg: 7.6, Max: 7.8, Diff: 0.5, Sum: 15.1]
      [Update RS (ms): Min: 0.3, Avg: 0.5, Max: 0.6, Diff: 0.4, Sum: 0.9]
         [Processed Buffers: Min: 5, Avg: 9.5, Max: 14, Diff: 9, Sum: 19]
      [Scan RS (ms): Min: 1.6, Avg: 1.7, Max: 1.7, Diff: 0.0, Sum: 3.3]
      [Code Root Scanning (ms): Min: 0.0, Avg: 0.1, Max: 0.1, Diff: 0.0, Sum: 0.1]
      [Object Copy (ms): Min: 3.0, Avg: 3.1, Max: 3.2, Diff: 0.1, Sum: 6.2]
      [Termination (ms): Min: 0.0, Avg: 0.0, Max: 0.0, Diff: 0.0, Sum: 0.0]
      [GC Worker Other (ms): Min: 0.0, Avg: 0.0, Max: 0.0, Diff: 0.0, Sum: 0.1]
      [GC Worker Total (ms): Min: 12.9, Avg: 12.9, Max: 12.9, Diff: 0.0, Sum: 25.8]
      [GC Worker End (ms): Min: 4221923.8, Avg: 4221923.8, Max: 4221923.8, Diff: 0.0]
   [Code Root Fixup: 0.2 ms]
   [Code Root Migration: 0.3 ms]
   [Clear CT: 1.8 ms]
   [Other: 2.6 ms]
      [Choose CSet: 0.0 ms]
      [Ref Proc: 0.4 ms]
      [Ref Enq: 0.1 ms]
      [Free CSet: 2.0 ms]
   [Eden: 2452.0M(2452.0M)->0.0B(2450.0M) Survivors: 4096.0K->6144.0K Heap: 2475.7M(4096.0M)->26.5M(4096.0M)]
 [Times: user=0.03 sys=0.00, real=0.02 secs] 
2015-06-25T17:18:02.595-0100: 4562.992: [GC pause (young), 0.0223240 secs]
   [Parallel Time: 16.6 ms, GC Workers: 2]
      [GC Worker Start (ms): Min: 4562992.5, Avg: 4562992.5, Max: 4562992.6, Diff: 0.0]
      [Ext Root Scanning (ms): Min: 8.2, Avg: 10.9, Max: 13.5, Diff: 5.3, Sum: 21.7]
      [Update RS (ms): Min: 0.0, Avg: 0.4, Max: 0.9, Diff: 0.9, Sum: 0.9]
         [Processed Buffers: Min: 0, Avg: 10.0, Max: 20, Diff: 20, Sum: 20]
      [Scan RS (ms): Min: 0.0, Avg: 2.0, Max: 3.9, Diff: 3.9, Sum: 3.9]
      [Code Root Scanning (ms): Min: 0.0, Avg: 0.1, Max: 0.2, Diff: 0.2, Sum: 0.2]
      [Object Copy (ms): Min: 3.0, Avg: 3.2, Max: 3.3, Diff: 0.3, Sum: 6.3]
      [Termination (ms): Min: 0.0, Avg: 0.0, Max: 0.0, Diff: 0.0, Sum: 0.0]
      [GC Worker Other (ms): Min: 0.0, Avg: 0.0, Max: 0.0, Diff: 0.0, Sum: 0.1]
      [GC Worker Total (ms): Min: 16.5, Avg: 16.5, Max: 16.5, Diff: 0.0, Sum: 33.1]
      [GC Worker End (ms): Min: 4563009.1, Avg: 4563009.1, Max: 4563009.1, Diff: 0.0]
   [Code Root Fixup: 0.1 ms]
   [Code Root Migration: 0.3 ms]
   [Clear CT: 2.8 ms]
   [Other: 2.5 ms]
      [Choose CSet: 0.0 ms]
      [Ref Proc: 0.4 ms]
      [Ref Enq: 0.0 ms]
      [Free CSet: 1.9 ms]
   [Eden: 2450.0M(2450.0M)->0.0B(2452.0M) Survivors: 6144.0K->4096.0K Heap: 2476.5M(4096.0M)->24.2M(4096.0M)]
 [Times: user=0.03 sys=0.00, real=0.02 secs] 
2015-06-25T17:24:54.194-0100: 4974.592: [GC pause (young), 0.0189680 secs]
   [Parallel Time: 13.0 ms, GC Workers: 2]
      [GC Worker Start (ms): Min: 4974591.7, Avg: 4974591.7, Max: 4974591.7, Diff: 0.0]
      [Ext Root Scanning (ms): Min: 7.4, Avg: 7.5, Max: 7.6, Diff: 0.2, Sum: 15.0]
      [Update RS (ms): Min: 0.3, Avg: 0.5, Max: 0.7, Diff: 0.3, Sum: 1.0]
         [Processed Buffers: Min: 3, Avg: 9.0, Max: 15, Diff: 12, Sum: 18]
      [Scan RS (ms): Min: 1.7, Avg: 1.7, Max: 1.7, Diff: 0.0, Sum: 3.4]
      [Code Root Scanning (ms): Min: 0.0, Avg: 0.1, Max: 0.1, Diff: 0.0, Sum: 0.1]
      [Object Copy (ms): Min: 3.1, Avg: 3.1, Max: 3.2, Diff: 0.1, Sum: 6.3]
      [Termination (ms): Min: 0.0, Avg: 0.0, Max: 0.0, Diff: 0.0, Sum: 0.0]
      [GC Worker Other (ms): Min: 0.0, Avg: 0.1, Max: 0.1, Diff: 0.0, Sum: 0.1]
      [GC Worker Total (ms): Min: 12.9, Avg: 13.0, Max: 13.0, Diff: 0.0, Sum: 25.9]
      [GC Worker End (ms): Min: 4974604.6, Avg: 4974604.6, Max: 4974604.7, Diff: 0.0]
   [Code Root Fixup: 0.1 ms]
   [Code Root Migration: 0.4 ms]
   [Clear CT: 2.3 ms]
   [Other: 3.1 ms]
      [Choose CSet: 0.0 ms]
      [Ref Proc: 0.4 ms]
      [Ref Enq: 0.0 ms]
      [Free CSet: 2.6 ms]
   [Eden: 2452.0M(2452.0M)->0.0B(2452.0M) Survivors: 4096.0K->4096.0K Heap: 2476.2M(4096.0M)->24.5M(4096.0M)]
 [Times: user=0.04 sys=0.00, real=0.02 secs] 
2015-06-25T20:07:00.662-0100: 14701.059: [GC pause (young), 0.0739320 secs]
   [Parallel Time: 69.1 ms, GC Workers: 2]
      [GC Worker Start (ms): Min: 14701059.2, Avg: 14701060.6, Max: 14701062.1, Diff: 2.8]
      [Ext Root Scanning (ms): Min: 6.6, Avg: 7.6, Max: 8.7, Diff: 2.1, Sum: 15.2]
      [Update RS (ms): Min: 1.0, Avg: 30.2, Max: 59.4, Diff: 58.5, Sum: 60.4]
         [Processed Buffers: Min: 2, Avg: 10.0, Max: 18, Diff: 16, Sum: 20]
      [Scan RS (ms): Min: 0.2, Avg: 1.6, Max: 3.0, Diff: 2.9, Sum: 3.2]
      [Code Root Scanning (ms): Min: 0.0, Avg: 0.1, Max: 0.2, Diff: 0.2, Sum: 0.2]
      [Object Copy (ms): Min: 0.8, Avg: 2.8, Max: 4.7, Diff: 3.9, Sum: 5.6]
      [Termination (ms): Min: 0.0, Avg: 25.4, Max: 50.7, Diff: 50.7, Sum: 50.7]
      [GC Worker Other (ms): Min: 0.0, Avg: 0.0, Max: 0.0, Diff: 0.0, Sum: 0.1]
      [GC Worker Total (ms): Min: 66.3, Avg: 67.7, Max: 69.1, Diff: 2.8, Sum: 135.4]
      [GC Worker End (ms): Min: 14701128.3, Avg: 14701128.3, Max: 14701128.3, Diff: 0.0]
   [Code Root Fixup: 0.3 ms]
   [Code Root Migration: 0.4 ms]
   [Clear CT: 1.5 ms]
   [Other: 2.7 ms]
      [Choose CSet: 0.0 ms]
      [Ref Proc: 0.4 ms]
      [Ref Enq: 0.1 ms]
      [Free CSet: 2.1 ms]
   [Eden: 2452.0M(2452.0M)->0.0B(2450.0M) Survivors: 4096.0K->6144.0K Heap: 2476.5M(4096.0M)->25.8M(4096.0M)]
 [Times: user=0.10 sys=0.00, real=0.07 secs] 
2015-06-25T20:09:19.278-0100: 14839.675: [GC pause (young), 0.0351940 secs]
   [Parallel Time: 18.4 ms, GC Workers: 2]
      [GC Worker Start (ms): Min: 14839675.4, Avg: 14839680.4, Max: 14839685.4, Diff: 10.0]
      [Ext Root Scanning (ms): Min: 3.4, Avg: 7.7, Max: 12.0, Diff: 8.6, Sum: 15.3]
      [Update RS (ms): Min: 0.5, Avg: 0.8, Max: 1.1, Diff: 0.6, Sum: 1.5]
         [Processed Buffers: Min: 11, Avg: 11.0, Max: 11, Diff: 0, Sum: 22]
      [Scan RS (ms): Min: 1.5, Avg: 1.7, Max: 1.8, Diff: 0.3, Sum: 3.4]
      [Code Root Scanning (ms): Min: 0.2, Avg: 0.4, Max: 0.6, Diff: 0.4, Sum: 0.8]
      [Object Copy (ms): Min: 2.5, Avg: 2.9, Max: 3.2, Diff: 0.7, Sum: 5.7]
      [Termination (ms): Min: 0.0, Avg: 0.0, Max: 0.0, Diff: 0.0, Sum: 0.0]
      [GC Worker Other (ms): Min: 0.0, Avg: 0.0, Max: 0.1, Diff: 0.0, Sum: 0.1]
      [GC Worker Total (ms): Min: 8.4, Avg: 13.4, Max: 18.4, Diff: 10.0, Sum: 26.8]
      [GC Worker End (ms): Min: 14839693.8, Avg: 14839693.8, Max: 14839693.8, Diff: 0.0]
   [Code Root Fixup: 0.2 ms]
   [Code Root Migration: 0.4 ms]
   [Clear CT: 2.3 ms]
   [Other: 13.8 ms]
      [Choose CSet: 0.0 ms]
      [Ref Proc: 11.5 ms]
      [Ref Enq: 0.0 ms]
      [Free CSet: 2.1 ms]
   [Eden: 2450.0M(2450.0M)->0.0B(2452.0M) Survivors: 6144.0K->4096.0K Heap: 2475.8M(4096.0M)->23.7M(4096.0M)]
 [Times: user=0.03 sys=0.00, real=0.04 secs] 
2015-06-25T20:21:28.348-0100: 15568.745: [GC pause (young), 0.0174240 secs]
   [Parallel Time: 12.7 ms, GC Workers: 2]
      [GC Worker Start (ms): Min: 15568745.4, Avg: 15568745.5, Max: 15568745.5, Diff: 0.0]
      [Ext Root Scanning (ms): Min: 7.8, Avg: 7.8, Max: 7.8, Diff: 0.0, Sum: 15.5]
      [Update RS (ms): Min: 0.6, Avg: 0.6, Max: 0.6, Diff: 0.1, Sum: 1.2]
         [Processed Buffers: Min: 5, Avg: 10.5, Max: 16, Diff: 11, Sum: 21]
      [Scan RS (ms): Min: 1.7, Avg: 1.7, Max: 1.7, Diff: 0.0, Sum: 3.4]
      [Code Root Scanning (ms): Min: 0.1, Avg: 0.1, Max: 0.2, Diff: 0.1, Sum: 0.2]
      [Object Copy (ms): Min: 2.4, Avg: 2.4, Max: 2.5, Diff: 0.1, Sum: 4.8]
      [Termination (ms): Min: 0.0, Avg: 0.0, Max: 0.0, Diff: 0.0, Sum: 0.0]
      [GC Worker Other (ms): Min: 0.0, Avg: 0.0, Max: 0.0, Diff: 0.0, Sum: 0.1]
      [GC Worker Total (ms): Min: 12.6, Avg: 12.6, Max: 12.6, Diff: 0.0, Sum: 25.2]
      [GC Worker End (ms): Min: 15568758.1, Avg: 15568758.1, Max: 15568758.1, Diff: 0.0]
   [Code Root Fixup: 0.2 ms]
   [Code Root Migration: 0.4 ms]
   [Clear CT: 1.6 ms]
   [Other: 2.6 ms]
      [Choose CSet: 0.0 ms]
      [Ref Proc: 0.4 ms]
      [Ref Enq: 0.1 ms]
      [Free CSet: 2.0 ms]
   [Eden: 2452.0M(2452.0M)->0.0B(2454.0M) Survivors: 4096.0K->2048.0K Heap: 2475.7M(4096.0M)->22.6M(4096.0M)]
 [Times: user=0.03 sys=0.00, real=0.02 secs] 
2015-06-25T20:33:01.308-0100: 16261.705: [GC pause (young), 0.0413760 secs]
   [Parallel Time: 35.4 ms, GC Workers: 2]
      [GC Worker Start (ms): Min: 16261705.1, Avg: 16261708.3, Max: 16261711.5, Diff: 6.4]
      [Ext Root Scanning (ms): Min: 6.9, Avg: 20.5, Max: 34.2, Diff: 27.2, Sum: 41.1]
      [Update RS (ms): Min: 0.0, Avg: 0.6, Max: 1.2, Diff: 1.2, Sum: 1.2]
         [Processed Buffers: Min: 0, Avg: 8.5, Max: 17, Diff: 17, Sum: 17]
      [Scan RS (ms): Min: 0.2, Avg: 1.5, Max: 2.9, Diff: 2.7, Sum: 3.0]
      [Code Root Scanning (ms): Min: 0.0, Avg: 0.1, Max: 0.2, Diff: 0.2, Sum: 0.2]
      [Object Copy (ms): Min: 1.0, Avg: 2.4, Max: 3.8, Diff: 2.8, Sum: 4.7]
      [Termination (ms): Min: 0.0, Avg: 7.0, Max: 14.0, Diff: 14.0, Sum: 14.0]
      [GC Worker Other (ms): Min: 0.0, Avg: 0.0, Max: 0.0, Diff: 0.0, Sum: 0.1]
      [GC Worker Total (ms): Min: 28.9, Avg: 32.1, Max: 35.3, Diff: 6.4, Sum: 64.3]
      [GC Worker End (ms): Min: 16261740.4, Avg: 16261740.5, Max: 16261740.5, Diff: 0.0]
   [Code Root Fixup: 0.3 ms]
   [Code Root Migration: 0.4 ms]
   [Clear CT: 1.6 ms]
   [Other: 3.7 ms]
      [Choose CSet: 0.0 ms]
      [Ref Proc: 0.9 ms]
      [Ref Enq: 0.0 ms]
      [Free CSet: 2.6 ms]
   [Eden: 2454.0M(2454.0M)->0.0B(2452.0M) Survivors: 2048.0K->4096.0K Heap: 2476.6M(4096.0M)->23.4M(4096.0M)]
 [Times: user=0.04 sys=0.00, real=0.04 secs] 
2015-06-25T20:44:31.079-0100: 16951.477: [GC pause (young), 0.0842610 secs]
   [Parallel Time: 77.1 ms, GC Workers: 2]
      [GC Worker Start (ms): Min: 16951476.8, Avg: 16951477.5, Max: 16951478.1, Diff: 1.4]
      [Ext Root Scanning (ms): Min: 14.7, Avg: 14.8, Max: 14.9, Diff: 0.2, Sum: 29.6]
      [Update RS (ms): Min: 0.4, Avg: 29.0, Max: 57.7, Diff: 57.3, Sum: 58.1]
         [Processed Buffers: Min: 1, Avg: 9.5, Max: 18, Diff: 17, Sum: 19]
      [Scan RS (ms): Min: 0.2, Avg: 1.8, Max: 3.5, Diff: 3.3, Sum: 3.7]
      [Code Root Scanning (ms): Min: 0.0, Avg: 0.1, Max: 0.2, Diff: 0.2, Sum: 0.2]
      [Object Copy (ms): Min: 3.8, Avg: 3.9, Max: 4.0, Diff: 0.2, Sum: 7.8]
      [Termination (ms): Min: 0.0, Avg: 26.4, Max: 52.8, Diff: 52.8, Sum: 52.8]
      [GC Worker Other (ms): Min: 0.0, Avg: 0.1, Max: 0.1, Diff: 0.0, Sum: 0.1]
      [GC Worker Total (ms): Min: 75.5, Avg: 76.2, Max: 76.8, Diff: 1.3, Sum: 152.3]
      [GC Worker End (ms): Min: 16951553.6, Avg: 16951553.6, Max: 16951553.6, Diff: 0.0]
   [Code Root Fixup: 0.3 ms]
   [Code Root Migration: 0.4 ms]
   [Clear CT: 2.0 ms]
   [Other: 4.5 ms]
      [Choose CSet: 0.0 ms]
      [Ref Proc: 0.9 ms]
      [Ref Enq: 0.0 ms]
      [Free CSet: 3.4 ms]
   [Eden: 2452.0M(2452.0M)->0.0B(2454.0M) Survivors: 4096.0K->2048.0K Heap: 2475.4M(4096.0M)->22.5M(4096.0M)]
 [Times: user=0.06 sys=0.00, real=0.09 secs] 
2015-06-25T20:56:13.233-0100: 17653.630: [GC pause (young), 0.0238180 secs]
   [Parallel Time: 17.2 ms, GC Workers: 2]
      [GC Worker Start (ms): Min: 17653630.3, Avg: 17653634.9, Max: 17653639.6, Diff: 9.3]
      [Ext Root Scanning (ms): Min: 3.6, Avg: 7.4, Max: 11.2, Diff: 7.6, Sum: 14.9]
      [Update RS (ms): Min: 0.2, Avg: 0.7, Max: 1.1, Diff: 0.9, Sum: 1.3]
         [Processed Buffers: Min: 7, Avg: 9.0, Max: 11, Diff: 4, Sum: 18]
      [Scan RS (ms): Min: 1.7, Avg: 1.7, Max: 1.7, Diff: 0.0, Sum: 3.4]
      [Code Root Scanning (ms): Min: 0.0, Avg: 0.1, Max: 0.2, Diff: 0.1, Sum: 0.2]
      [Object Copy (ms): Min: 2.2, Avg: 2.5, Max: 2.9, Diff: 0.6, Sum: 5.1]
      [Termination (ms): Min: 0.0, Avg: 0.0, Max: 0.0, Diff: 0.0, Sum: 0.0]
      [GC Worker Other (ms): Min: 0.0, Avg: 0.0, Max: 0.0, Diff: 0.0, Sum: 0.1]
      [GC Worker Total (ms): Min: 7.8, Avg: 12.5, Max: 17.1, Diff: 9.3, Sum: 25.0]
      [GC Worker End (ms): Min: 17653647.4, Avg: 17653647.4, Max: 17653647.4, Diff: 0.0]
   [Code Root Fixup: 0.2 ms]
   [Code Root Migration: 0.4 ms]
   [Clear CT: 2.3 ms]
   [Other: 3.7 ms]
      [Choose CSet: 0.0 ms]
      [Ref Proc: 1.0 ms]
      [Ref Enq: 0.0 ms]
      [Free CSet: 2.6 ms]
   [Eden: 2454.0M(2454.0M)->0.0B(2452.0M) Survivors: 2048.0K->4096.0K Heap: 2476.5M(4096.0M)->23.5M(4096.0M)]
 [Times: user=0.03 sys=0.01, real=0.02 secs] 
2015-06-25T21:07:37.127-0100: 18337.525: [GC pause (young), 0.0283310 secs]
   [Parallel Time: 20.6 ms, GC Workers: 2]
      [GC Worker Start (ms): Min: 18337524.8, Avg: 18337533.0, Max: 18337541.1, Diff: 16.3]
      [Ext Root Scanning (ms): Min: 0.0, Avg: 7.3, Max: 14.7, Diff: 14.7, Sum: 14.7]
      [Update RS (ms): Min: 0.4, Avg: 0.6, Max: 0.8, Diff: 0.3, Sum: 1.2]
         [Processed Buffers: Min: 8, Avg: 9.0, Max: 10, Diff: 2, Sum: 18]
      [Scan RS (ms): Min: 1.7, Avg: 1.7, Max: 1.7, Diff: 0.1, Sum: 3.4]
      [Code Root Scanning (ms): Min: 0.0, Avg: 0.1, Max: 0.2, Diff: 0.1, Sum: 0.2]
      [Object Copy (ms): Min: 1.9, Avg: 2.6, Max: 3.3, Diff: 1.4, Sum: 5.2]
      [Termination (ms): Min: 0.0, Avg: 0.0, Max: 0.0, Diff: 0.0, Sum: 0.0]
      [GC Worker Other (ms): Min: 0.0, Avg: 0.1, Max: 0.1, Diff: 0.0, Sum: 0.1]
      [GC Worker Total (ms): Min: 4.2, Avg: 12.4, Max: 20.5, Diff: 16.3, Sum: 24.7]
      [GC Worker End (ms): Min: 18337545.3, Avg: 18337545.4, Max: 18337545.4, Diff: 0.0]
   [Code Root Fixup: 0.2 ms]
   [Code Root Migration: 0.4 ms]
   [Clear CT: 1.9 ms]
   [Other: 5.2 ms]
      [Choose CSet: 0.0 ms]
      [Ref Proc: 2.8 ms]
      [Ref Enq: 0.0 ms]
      [Free CSet: 2.3 ms]
   [Eden: 2452.0M(2452.0M)->0.0B(2452.0M) Survivors: 4096.0K->4096.0K Heap: 2475.5M(4096.0M)->23.7M(4096.0M)]
 [Times: user=0.03 sys=0.00, real=0.03 secs] 
2015-06-25T21:19:21.338-0100: 19041.735: [GC pause (young), 0.0249650 secs]
   [Parallel Time: 19.6 ms, GC Workers: 2]
      [GC Worker Start (ms): Min: 19041735.1, Avg: 19041738.8, Max: 19041742.5, Diff: 7.4]
      [Ext Root Scanning (ms): Min: 6.7, Avg: 10.7, Max: 14.7, Diff: 8.0, Sum: 21.4]
      [Update RS (ms): Min: 0.1, Avg: 0.6, Max: 1.0, Diff: 0.9, Sum: 1.2]
         [Processed Buffers: Min: 7, Avg: 9.0, Max: 11, Diff: 4, Sum: 18]
      [Scan RS (ms): Min: 1.7, Avg: 1.7, Max: 1.8, Diff: 0.0, Sum: 3.5]
      [Code Root Scanning (ms): Min: 0.1, Avg: 0.1, Max: 0.1, Diff: 0.1, Sum: 0.2]
      [Object Copy (ms): Min: 2.5, Avg: 2.7, Max: 2.8, Diff: 0.3, Sum: 5.3]
      [Termination (ms): Min: 0.0, Avg: 0.0, Max: 0.0, Diff: 0.0, Sum: 0.0]
      [GC Worker Other (ms): Min: 0.1, Avg: 0.1, Max: 0.1, Diff: 0.0, Sum: 0.1]
      [GC Worker Total (ms): Min: 12.1, Avg: 15.8, Max: 19.6, Diff: 7.4, Sum: 31.7]
      [GC Worker End (ms): Min: 19041754.6, Avg: 19041754.6, Max: 19041754.6, Diff: 0.0]
   [Code Root Fixup: 0.2 ms]
   [Code Root Migration: 0.4 ms]
   [Clear CT: 2.0 ms]
   [Other: 2.8 ms]
      [Choose CSet: 0.0 ms]
      [Ref Proc: 0.4 ms]
      [Ref Enq: 0.1 ms]
      [Free CSet: 2.2 ms]
   [Eden: 2452.0M(2452.0M)->0.0B(2452.0M) Survivors: 4096.0K->4096.0K Heap: 2475.7M(4096.0M)->23.9M(4096.0M)]
 [Times: user=0.03 sys=0.00, real=0.03 secs] 
2015-06-25T21:30:49.787-0100: 19730.185: [GC pause (young), 0.0201350 secs]
   [Parallel Time: 15.0 ms, GC Workers: 2]
      [GC Worker Start (ms): Min: 19730185.0, Avg: 19730186.6, Max: 19730188.1, Diff: 3.1]
      [Ext Root Scanning (ms): Min: 7.0, Avg: 8.0, Max: 9.1, Diff: 2.0, Sum: 16.1]
      [Update RS (ms): Min: 0.6, Avg: 0.9, Max: 1.1, Diff: 0.5, Sum: 1.8]
         [Processed Buffers: Min: 1, Avg: 9.0, Max: 17, Diff: 16, Sum: 18]
      [Scan RS (ms): Min: 1.6, Avg: 1.7, Max: 1.9, Diff: 0.3, Sum: 3.5]
      [Code Root Scanning (ms): Min: 0.0, Avg: 0.1, Max: 0.2, Diff: 0.1, Sum: 0.2]
      [Object Copy (ms): Min: 2.4, Avg: 2.6, Max: 2.8, Diff: 0.4, Sum: 5.2]
      [Termination (ms): Min: 0.0, Avg: 0.0, Max: 0.0, Diff: 0.0, Sum: 0.0]
      [GC Worker Other (ms): Min: 0.1, Avg: 0.1, Max: 0.1, Diff: 0.0, Sum: 0.1]
      [GC Worker Total (ms): Min: 11.9, Avg: 13.5, Max: 15.0, Diff: 3.1, Sum: 26.9]
      [GC Worker End (ms): Min: 19730200.0, Avg: 19730200.0, Max: 19730200.0, Diff: 0.0]
   [Code Root Fixup: 0.2 ms]
   [Code Root Migration: 0.4 ms]
   [Clear CT: 1.6 ms]
   [Other: 2.9 ms]
      [Choose CSet: 0.0 ms]
      [Ref Proc: 0.4 ms]
      [Ref Enq: 0.1 ms]
      [Free CSet: 2.3 ms]
   [Eden: 2452.0M(2452.0M)->0.0B(2452.0M) Survivors: 4096.0K->4096.0K Heap: 2475.9M(4096.0M)->24.7M(4096.0M)]
 [Times: user=0.03 sys=0.00, real=0.02 secs] 
2015-06-25T21:42:21.617-0100: 20422.014: [GC pause (young), 0.0175990 secs]
   [Parallel Time: 12.8 ms, GC Workers: 2]
      [GC Worker Start (ms): Min: 20422014.6, Avg: 20422014.6, Max: 20422014.6, Diff: 0.0]
      [Ext Root Scanning (ms): Min: 7.5, Avg: 7.5, Max: 7.5, Diff: 0.0, Sum: 14.9]
      [Update RS (ms): Min: 0.7, Avg: 0.7, Max: 0.7, Diff: 0.0, Sum: 1.4]
         [Processed Buffers: Min: 9, Avg: 10.0, Max: 11, Diff: 2, Sum: 20]
      [Scan RS (ms): Min: 1.8, Avg: 1.8, Max: 1.8, Diff: 0.1, Sum: 3.6]
      [Code Root Scanning (ms): Min: 0.0, Avg: 0.1, Max: 0.1, Diff: 0.1, Sum: 0.2]
      [Object Copy (ms): Min: 2.6, Avg: 2.6, Max: 2.7, Diff: 0.0, Sum: 5.3]
      [Termination (ms): Min: 0.0, Avg: 0.0, Max: 0.0, Diff: 0.0, Sum: 0.0]
      [GC Worker Other (ms): Min: 0.0, Avg: 0.0, Max: 0.0, Diff: 0.0, Sum: 0.1]
      [GC Worker Total (ms): Min: 12.7, Avg: 12.7, Max: 12.7, Diff: 0.0, Sum: 25.5]
      [GC Worker End (ms): Min: 20422027.3, Avg: 20422027.3, Max: 20422027.3, Diff: 0.0]
   [Code Root Fixup: 0.2 ms]
   [Code Root Migration: 0.4 ms]
   [Clear CT: 1.5 ms]
   [Other: 2.7 ms]
      [Choose CSet: 0.0 ms]
      [Ref Proc: 0.3 ms]
      [Ref Enq: 0.1 ms]
      [Free CSet: 2.2 ms]
   [Eden: 2452.0M(2452.0M)->0.0B(2452.0M) Survivors: 4096.0K->4096.0K Heap: 2476.7M(4096.0M)->24.2M(4096.0M)]
 [Times: user=0.03 sys=0.00, real=0.02 secs] 
2015-06-26T14:31:56.547-0100: 80996.945: [GC pause (young), 0.0286170 secs]
   [Parallel Time: 21.2 ms, GC Workers: 2]
      [GC Worker Start (ms): Min: 80996944.7, Avg: 80996946.4, Max: 80996948.2, Diff: 3.4]
      [Ext Root Scanning (ms): Min: 12.2, Avg: 13.8, Max: 15.4, Diff: 3.1, Sum: 27.6]
      [Update RS (ms): Min: 0.6, Avg: 0.7, Max: 0.8, Diff: 0.1, Sum: 1.4]
         [Processed Buffers: Min: 1, Avg: 10.0, Max: 19, Diff: 18, Sum: 20]
      [Scan RS (ms): Min: 1.5, Avg: 1.7, Max: 1.8, Diff: 0.2, Sum: 3.3]
      [Code Root Scanning (ms): Min: 0.0, Avg: 0.1, Max: 0.1, Diff: 0.1, Sum: 0.2]
      [Object Copy (ms): Min: 3.0, Avg: 3.1, Max: 3.1, Diff: 0.1, Sum: 6.1]
      [Termination (ms): Min: 0.0, Avg: 0.1, Max: 0.2, Diff: 0.2, Sum: 0.2]
      [GC Worker Other (ms): Min: 0.0, Avg: 0.0, Max: 0.0, Diff: 0.0, Sum: 0.1]
      [GC Worker Total (ms): Min: 17.7, Avg: 19.4, Max: 21.1, Diff: 3.4, Sum: 38.8]
      [GC Worker End (ms): Min: 80996965.8, Avg: 80996965.9, Max: 80996965.9, Diff: 0.1]
   [Code Root Fixup: 0.2 ms]
   [Code Root Migration: 0.4 ms]
   [Clear CT: 1.9 ms]
   [Other: 4.9 ms]
      [Choose CSet: 0.0 ms]
      [Ref Proc: 1.0 ms]
      [Ref Enq: 0.0 ms]
      [Free CSet: 3.8 ms]
   [Eden: 2452.0M(2452.0M)->0.0B(2452.0M) Survivors: 4096.0K->4096.0K Heap: 2476.2M(4096.0M)->23.7M(4096.0M)]
 [Times: user=0.03 sys=0.00, real=0.14 secs] 
2015-06-26T14:32:40.198-0100: 81040.595: [GC pause (young), 0.0284480 secs]
   [Parallel Time: 19.7 ms, GC Workers: 2]
      [GC Worker Start (ms): Min: 81040595.4, Avg: 81040595.4, Max: 81040595.4, Diff: 0.0]
      [Ext Root Scanning (ms): Min: 10.0, Avg: 10.8, Max: 11.6, Diff: 1.6, Sum: 21.6]
      [Update RS (ms): Min: 0.2, Avg: 1.0, Max: 1.8, Diff: 1.6, Sum: 2.1]
         [Processed Buffers: Min: 3, Avg: 6.5, Max: 10, Diff: 7, Sum: 13]
      [Scan RS (ms): Min: 3.0, Avg: 3.1, Max: 3.3, Diff: 0.3, Sum: 6.2]
      [Code Root Scanning (ms): Min: 0.0, Avg: 0.2, Max: 0.3, Diff: 0.3, Sum: 0.3]
      [Object Copy (ms): Min: 3.8, Avg: 4.1, Max: 4.3, Diff: 0.6, Sum: 8.1]
      [Termination (ms): Min: 0.0, Avg: 0.3, Max: 0.7, Diff: 0.7, Sum: 0.7]
      [GC Worker Other (ms): Min: 0.0, Avg: 0.0, Max: 0.0, Diff: 0.0, Sum: 0.1]
      [GC Worker Total (ms): Min: 19.5, Avg: 19.6, Max: 19.6, Diff: 0.1, Sum: 39.2]
      [GC Worker End (ms): Min: 81040614.9, Avg: 81040615.0, Max: 81040615.0, Diff: 0.1]
   [Code Root Fixup: 0.3 ms]
   [Code Root Migration: 0.6 ms]
   [Clear CT: 2.1 ms]
   [Other: 5.9 ms]
      [Choose CSet: 0.0 ms]
      [Ref Proc: 1.0 ms]
      [Ref Enq: 2.0 ms]
      [Free CSet: 2.7 ms]
   [Eden: 2452.0M(2452.0M)->0.0B(2452.0M) Survivors: 4096.0K->4096.0K Heap: 2475.7M(4096.0M)->24.8M(4096.0M)]
 [Times: user=0.04 sys=0.00, real=0.03 secs] 
2015-06-26T14:45:55.515-0100: 81835.912: [GC pause (young), 0.0209710 secs]
   [Parallel Time: 15.9 ms, GC Workers: 2]
      [GC Worker Start (ms): Min: 81835912.3, Avg: 81835912.3, Max: 81835912.4, Diff: 0.0]
      [Ext Root Scanning (ms): Min: 8.7, Avg: 9.3, Max: 9.9, Diff: 1.2, Sum: 18.6]
      [Update RS (ms): Min: 1.0, Avg: 1.8, Max: 2.6, Diff: 1.6, Sum: 3.6]
         [Processed Buffers: Min: 1, Avg: 8.0, Max: 15, Diff: 14, Sum: 16]
      [Scan RS (ms): Min: 1.4, Avg: 1.9, Max: 2.4, Diff: 1.0, Sum: 3.9]
      [Code Root Scanning (ms): Min: 0.1, Avg: 0.1, Max: 0.2, Diff: 0.2, Sum: 0.3]
      [Object Copy (ms): Min: 2.2, Avg: 2.6, Max: 3.0, Diff: 0.8, Sum: 5.2]
      [Termination (ms): Min: 0.0, Avg: 0.0, Max: 0.0, Diff: 0.0, Sum: 0.0]
      [GC Worker Other (ms): Min: 0.0, Avg: 0.0, Max: 0.0, Diff: 0.0, Sum: 0.0]
      [GC Worker Total (ms): Min: 15.8, Avg: 15.8, Max: 15.8, Diff: 0.0, Sum: 31.7]
      [GC Worker End (ms): Min: 81835928.2, Avg: 81835928.2, Max: 81835928.2, Diff: 0.0]
   [Code Root Fixup: 0.2 ms]
   [Code Root Migration: 0.4 ms]
   [Clear CT: 1.7 ms]
   [Other: 2.8 ms]
      [Choose CSet: 0.0 ms]
      [Ref Proc: 0.5 ms]
      [Ref Enq: 0.0 ms]
      [Free CSet: 2.1 ms]
   [Eden: 2452.0M(2452.0M)->0.0B(2454.0M) Survivors: 4096.0K->2048.0K Heap: 2476.8M(4096.0M)->22.8M(4096.0M)]
 [Times: user=0.03 sys=0.01, real=0.02 secs] 
2015-06-26T20:53:24.891-0100: 103885.288: [GC pause (young), 0.0348590 secs]
   [Parallel Time: 29.6 ms, GC Workers: 2]
      [GC Worker Start (ms): Min: 103885288.6, Avg: 103885288.6, Max: 103885288.6, Diff: 0.0]
      [Ext Root Scanning (ms): Min: 7.6, Avg: 8.5, Max: 9.4, Diff: 1.8, Sum: 17.0]
      [Update RS (ms): Min: 0.0, Avg: 0.6, Max: 1.2, Diff: 1.2, Sum: 1.2]
         [Processed Buffers: Min: 0, Avg: 7.0, Max: 14, Diff: 14, Sum: 14]
      [Scan RS (ms): Min: 5.6, Avg: 7.3, Max: 8.9, Diff: 3.4, Sum: 14.5]
      [Code Root Scanning (ms): Min: 0.0, Avg: 0.1, Max: 0.2, Diff: 0.1, Sum: 0.2]
      [Object Copy (ms): Min: 10.9, Avg: 12.3, Max: 13.6, Diff: 2.7, Sum: 24.5]
      [Termination (ms): Min: 0.1, Avg: 0.8, Max: 1.5, Diff: 1.4, Sum: 1.7]
      [GC Worker Other (ms): Min: 0.0, Avg: 0.0, Max: 0.0, Diff: 0.0, Sum: 0.1]
      [GC Worker Total (ms): Min: 29.6, Avg: 29.6, Max: 29.6, Diff: 0.0, Sum: 59.2]
      [GC Worker End (ms): Min: 103885318.2, Avg: 103885318.2, Max: 103885318.2, Diff: 0.0]
   [Code Root Fixup: 0.3 ms]
   [Code Root Migration: 0.4 ms]
   [Clear CT: 1.5 ms]
   [Other: 3.0 ms]
      [Choose CSet: 0.0 ms]
      [Ref Proc: 0.4 ms]
      [Ref Enq: 0.1 ms]
      [Free CSet: 2.4 ms]
   [Eden: 2454.0M(2454.0M)->0.0B(2450.0M) Survivors: 2048.0K->6144.0K Heap: 2476.8M(4096.0M)->26.6M(4096.0M)]
 [Times: user=0.04 sys=0.00, real=0.10 secs] 
2015-06-26T20:53:47.044-0100: 103907.441: [GC pause (young), 0.0250900 secs]
   [Parallel Time: 17.5 ms, GC Workers: 2]
      [GC Worker Start (ms): Min: 103907441.1, Avg: 103907441.2, Max: 103907441.2, Diff: 0.0]
      [Ext Root Scanning (ms): Min: 7.8, Avg: 7.9, Max: 8.1, Diff: 0.3, Sum: 15.9]
      [Update RS (ms): Min: 0.5, Avg: 0.6, Max: 0.8, Diff: 0.3, Sum: 1.3]
         [Processed Buffers: Min: 4, Avg: 7.0, Max: 10, Diff: 6, Sum: 14]
      [Scan RS (ms): Min: 2.6, Avg: 2.7, Max: 2.7, Diff: 0.1, Sum: 5.4]
      [Code Root Scanning (ms): Min: 0.1, Avg: 0.1, Max: 0.2, Diff: 0.1, Sum: 0.2]
      [Object Copy (ms): Min: 4.2, Avg: 4.3, Max: 4.4, Diff: 0.2, Sum: 8.7]
      [Termination (ms): Min: 0.0, Avg: 0.9, Max: 1.8, Diff: 1.8, Sum: 1.8]
      [GC Worker Other (ms): Min: 0.0, Avg: 0.0, Max: 0.0, Diff: 0.0, Sum: 0.1]
      [GC Worker Total (ms): Min: 15.9, Avg: 16.7, Max: 17.4, Diff: 1.6, Sum: 33.3]
      [GC Worker End (ms): Min: 103907457.0, Avg: 103907457.8, Max: 103907458.6, Diff: 1.6]
   [Code Root Fixup: 0.3 ms]
   [Code Root Migration: 0.8 ms]
   [Clear CT: 2.9 ms]
   [Other: 3.6 ms]
      [Choose CSet: 0.0 ms]
      [Ref Proc: 0.9 ms]
      [Ref Enq: 0.2 ms]
      [Free CSet: 2.4 ms]
   [Eden: 2450.0M(2450.0M)->0.0B(2454.0M) Survivors: 6144.0K->2048.0K Heap: 2476.6M(4096.0M)->23.7M(4096.0M)]
 [Times: user=0.03 sys=0.00, real=0.02 secs] 
2015-06-26T20:54:16.464-0100: 103936.861: [GC pause (young), 0.0527210 secs]
   [Parallel Time: 47.7 ms, GC Workers: 2]
      [GC Worker Start (ms): Min: 103936861.3, Avg: 103936861.3, Max: 103936861.3, Diff: 0.0]
      [Ext Root Scanning (ms): Min: 0.7, Avg: 8.4, Max: 16.0, Diff: 15.3, Sum: 16.7]
      [Update RS (ms): Min: 0.0, Avg: 0.7, Max: 1.3, Diff: 1.3, Sum: 1.3]
         [Processed Buffers: Min: 0, Avg: 6.5, Max: 13, Diff: 13, Sum: 13]
      [Scan RS (ms): Min: 0.3, Avg: 1.5, Max: 2.7, Diff: 2.4, Sum: 2.9]
      [Code Root Scanning (ms): Min: 0.0, Avg: 0.1, Max: 0.2, Diff: 0.2, Sum: 0.2]
      [Object Copy (ms): Min: 4.7, Avg: 25.7, Max: 46.6, Diff: 41.9, Sum: 51.3]
      [Termination (ms): Min: 0.0, Avg: 11.4, Max: 22.7, Diff: 22.7, Sum: 22.7]
      [GC Worker Other (ms): Min: 0.0, Avg: 0.0, Max: 0.0, Diff: 0.0, Sum: 0.1]
      [GC Worker Total (ms): Min: 47.6, Avg: 47.6, Max: 47.6, Diff: 0.0, Sum: 95.3]
      [GC Worker End (ms): Min: 103936909.0, Avg: 103936909.0, Max: 103936909.0, Diff: 0.0]
   [Code Root Fixup: 0.2 ms]
   [Code Root Migration: 0.4 ms]
   [Clear CT: 1.5 ms]
   [Other: 2.8 ms]
      [Choose CSet: 0.0 ms]
      [Ref Proc: 0.5 ms]
      [Ref Enq: 0.0 ms]
      [Free CSet: 2.2 ms]
   [Eden: 2454.0M(2454.0M)->0.0B(2454.0M) Survivors: 2048.0K->2048.0K Heap: 2477.7M(4096.0M)->23.4M(4096.0M)]
 [Times: user=0.05 sys=0.00, real=0.05 secs] 
2015-06-26T20:54:34.859-0100: 103955.257: [GC pause (young), 0.0700710 secs]
   [Parallel Time: 62.3 ms, GC Workers: 2]
      [GC Worker Start (ms): Min: 103955256.9, Avg: 103955256.9, Max: 103955256.9, Diff: 0.0]
      [Ext Root Scanning (ms): Min: 8.7, Avg: 8.7, Max: 8.7, Diff: 0.0, Sum: 17.5]
      [Update RS (ms): Min: 0.7, Avg: 0.9, Max: 1.0, Diff: 0.3, Sum: 1.7]
         [Processed Buffers: Min: 4, Avg: 6.0, Max: 8, Diff: 4, Sum: 12]
      [Scan RS (ms): Min: 2.0, Avg: 2.0, Max: 2.0, Diff: 0.0, Sum: 4.0]
      [Code Root Scanning (ms): Min: 0.2, Avg: 0.2, Max: 0.3, Diff: 0.1, Sum: 0.5]
      [Object Copy (ms): Min: 48.9, Avg: 49.2, Max: 49.4, Diff: 0.5, Sum: 98.3]
      [Termination (ms): Min: 0.0, Avg: 0.7, Max: 1.3, Diff: 1.3, Sum: 1.3]
      [GC Worker Other (ms): Min: 0.0, Avg: 0.0, Max: 0.0, Diff: 0.0, Sum: 0.1]
      [GC Worker Total (ms): Min: 61.1, Avg: 61.7, Max: 62.2, Diff: 1.1, Sum: 123.3]
      [GC Worker End (ms): Min: 103955318.1, Avg: 103955318.6, Max: 103955319.2, Diff: 1.1]
   [Code Root Fixup: 0.2 ms]
   [Code Root Migration: 0.4 ms]
   [Clear CT: 2.2 ms]
   [Other: 5.1 ms]
      [Choose CSet: 0.0 ms]
      [Ref Proc: 1.9 ms]
      [Ref Enq: 0.5 ms]
      [Free CSet: 2.5 ms]
   [Eden: 2454.0M(2454.0M)->0.0B(2454.0M) Survivors: 2048.0K->2048.0K Heap: 2477.4M(4096.0M)->23.3M(4096.0M)]
 [Times: user=0.03 sys=0.00, real=0.08 secs] 
2015-06-26T20:55:02.941-0100: 103983.338: [GC pause (young), 0.0328040 secs]
   [Parallel Time: 18.6 ms, GC Workers: 2]
      [GC Worker Start (ms): Min: 103983338.5, Avg: 103983340.4, Max: 103983342.3, Diff: 3.7]
      [Ext Root Scanning (ms): Min: 9.7, Avg: 12.2, Max: 14.7, Diff: 5.0, Sum: 24.4]
      [Update RS (ms): Min: 0.0, Avg: 0.6, Max: 1.2, Diff: 1.2, Sum: 1.2]
         [Processed Buffers: Min: 0, Avg: 6.0, Max: 12, Diff: 12, Sum: 12]
      [Scan RS (ms): Min: 1.3, Avg: 1.6, Max: 2.0, Diff: 0.7, Sum: 3.3]
      [Code Root Scanning (ms): Min: 0.0, Avg: 0.1, Max: 0.1, Diff: 0.1, Sum: 0.2]
      [Object Copy (ms): Min: 1.7, Avg: 2.1, Max: 2.4, Diff: 0.7, Sum: 4.2]
      [Termination (ms): Min: 0.0, Avg: 0.0, Max: 0.0, Diff: 0.0, Sum: 0.0]
      [GC Worker Other (ms): Min: 0.0, Avg: 0.0, Max: 0.0, Diff: 0.0, Sum: 0.1]
      [GC Worker Total (ms): Min: 14.8, Avg: 16.7, Max: 18.5, Diff: 3.7, Sum: 33.3]
      [GC Worker End (ms): Min: 103983357.1, Avg: 103983357.1, Max: 103983357.1, Diff: 0.0]
   [Code Root Fixup: 0.2 ms]
   [Code Root Migration: 0.4 ms]
   [Clear CT: 2.0 ms]
   [Other: 11.6 ms]
      [Choose CSet: 0.0 ms]
      [Ref Proc: 8.5 ms]
      [Ref Enq: 0.2 ms]
      [Free CSet: 2.7 ms]
   [Eden: 2454.0M(2454.0M)->0.0B(2454.0M) Survivors: 2048.0K->2048.0K Heap: 2477.3M(4096.0M)->23.5M(4096.0M)]
 [Times: user=0.03 sys=0.00, real=0.03 secs] 
2015-06-26T20:55:31.702-0100: 104012.100: [GC pause (young), 0.0194940 secs]
   [Parallel Time: 12.2 ms, GC Workers: 2]
      [GC Worker Start (ms): Min: 104012099.7, Avg: 104012099.7, Max: 104012099.7, Diff: 0.0]
      [Ext Root Scanning (ms): Min: 7.6, Avg: 7.7, Max: 7.8, Diff: 0.2, Sum: 15.5]
      [Update RS (ms): Min: 0.3, Avg: 0.5, Max: 0.6, Diff: 0.2, Sum: 0.9]
         [Processed Buffers: Min: 6, Avg: 6.5, Max: 7, Diff: 1, Sum: 13]
      [Scan RS (ms): Min: 1.9, Avg: 1.9, Max: 2.0, Diff: 0.1, Sum: 3.8]
      [Code Root Scanning (ms): Min: 0.0, Avg: 0.1, Max: 0.1, Diff: 0.1, Sum: 0.1]
      [Object Copy (ms): Min: 1.9, Avg: 1.9, Max: 2.0, Diff: 0.1, Sum: 3.8]
      [Termination (ms): Min: 0.0, Avg: 0.0, Max: 0.0, Diff: 0.0, Sum: 0.0]
      [GC Worker Other (ms): Min: 0.0, Avg: 0.0, Max: 0.1, Diff: 0.0, Sum: 0.1]
      [GC Worker Total (ms): Min: 12.1, Avg: 12.1, Max: 12.1, Diff: 0.0, Sum: 24.3]
      [GC Worker End (ms): Min: 104012111.8, Avg: 104012111.8, Max: 104012111.8, Diff: 0.0]
   [Code Root Fixup: 0.2 ms]
   [Code Root Migration: 0.4 ms]
   [Clear CT: 1.6 ms]
   [Other: 5.1 ms]
      [Choose CSet: 0.0 ms]
      [Ref Proc: 2.0 ms]
      [Ref Enq: 0.0 ms]
      [Free CSet: 2.9 ms]
   [Eden: 2454.0M(2454.0M)->0.0B(2454.0M) Survivors: 2048.0K->2048.0K Heap: 2477.5M(4096.0M)->23.5M(4096.0M)]
 [Times: user=0.03 sys=0.00, real=0.02 secs] 
2015-06-26T20:55:55.115-0100: 104035.513: [GC pause (young), 0.0255140 secs]
   [Parallel Time: 20.2 ms, GC Workers: 2]
      [GC Worker Start (ms): Min: 104035512.8, Avg: 104035512.8, Max: 104035512.8, Diff: 0.0]
      [Ext Root Scanning (ms): Min: 9.3, Avg: 9.8, Max: 10.2, Diff: 0.9, Sum: 19.5]
      [Update RS (ms): Min: 0.0, Avg: 0.6, Max: 1.1, Diff: 1.1, Sum: 1.1]
         [Processed Buffers: Min: 0, Avg: 6.0, Max: 12, Diff: 12, Sum: 12]
      [Scan RS (ms): Min: 1.7, Avg: 2.3, Max: 2.9, Diff: 1.1, Sum: 4.6]
      [Code Root Scanning (ms): Min: 0.0, Avg: 0.1, Max: 0.1, Diff: 0.1, Sum: 0.1]
      [Object Copy (ms): Min: 3.7, Avg: 5.2, Max: 6.7, Diff: 2.9, Sum: 10.4]
      [Termination (ms): Min: 0.0, Avg: 2.2, Max: 4.4, Diff: 4.4, Sum: 4.4]
      [GC Worker Other (ms): Min: 0.0, Avg: 0.0, Max: 0.0, Diff: 0.0, Sum: 0.1]
      [GC Worker Total (ms): Min: 20.1, Avg: 20.2, Max: 20.2, Diff: 0.1, Sum: 40.3]
      [GC Worker End (ms): Min: 104035533.0, Avg: 104035533.0, Max: 104035533.0, Diff: 0.1]
   [Code Root Fixup: 0.2 ms]
   [Code Root Migration: 0.3 ms]
   [Clear CT: 1.7 ms]
   [Other: 3.1 ms]
      [Choose CSet: 0.0 ms]
      [Ref Proc: 0.5 ms]
      [Ref Enq: 0.1 ms]
      [Free CSet: 2.5 ms]
   [Eden: 2454.0M(2454.0M)->0.0B(2454.0M) Survivors: 2048.0K->2048.0K Heap: 2477.5M(4096.0M)->23.5M(4096.0M)]
 [Times: user=0.03 sys=0.00, real=0.03 secs] 
2015-06-26T20:56:17.241-0100: 104057.638: [GC pause (young), 0.0704750 secs]
   [Parallel Time: 65.7 ms, GC Workers: 2]
      [GC Worker Start (ms): Min: 104057638.5, Avg: 104057638.5, Max: 104057638.5, Diff: 0.0]
      [Ext Root Scanning (ms): Min: 10.7, Avg: 10.9, Max: 11.1, Diff: 0.4, Sum: 21.7]
      [Update RS (ms): Min: 0.3, Avg: 0.5, Max: 0.6, Diff: 0.2, Sum: 0.9]
         [Processed Buffers: Min: 6, Avg: 7.0, Max: 8, Diff: 2, Sum: 14]
      [Scan RS (ms): Min: 1.8, Avg: 1.8, Max: 1.9, Diff: 0.0, Sum: 3.7]
      [Code Root Scanning (ms): Min: 0.0, Avg: 0.1, Max: 0.1, Diff: 0.0, Sum: 0.1]
      [Object Copy (ms): Min: 52.1, Avg: 52.2, Max: 52.2, Diff: 0.1, Sum: 104.3]
      [Termination (ms): Min: 0.0, Avg: 0.2, Max: 0.3, Diff: 0.3, Sum: 0.3]
      [GC Worker Other (ms): Min: 0.1, Avg: 0.1, Max: 0.1, Diff: 0.0, Sum: 0.1]
      [GC Worker Total (ms): Min: 65.6, Avg: 65.6, Max: 65.6, Diff: 0.0, Sum: 131.2]
      [GC Worker End (ms): Min: 104057704.1, Avg: 104057704.1, Max: 104057704.1, Diff: 0.0]
   [Code Root Fixup: 0.1 ms]
   [Code Root Migration: 0.3 ms]
   [Clear CT: 1.5 ms]
   [Other: 2.8 ms]
      [Choose CSet: 0.0 ms]
      [Ref Proc: 0.4 ms]
      [Ref Enq: 0.1 ms]
      [Free CSet: 2.3 ms]
   [Eden: 2454.0M(2454.0M)->0.0B(2454.0M) Survivors: 2048.0K->2048.0K Heap: 2477.5M(4096.0M)->23.2M(4096.0M)]
 [Times: user=0.03 sys=0.00, real=0.07 secs] 
2015-06-26T20:56:34.612-0100: 104075.009: [GC pause (young), 0.0212360 secs]
   [Parallel Time: 15.9 ms, GC Workers: 2]
      [GC Worker Start (ms): Min: 104075009.4, Avg: 104075009.8, Max: 104075010.2, Diff: 0.9]
      [Ext Root Scanning (ms): Min: 8.1, Avg: 8.2, Max: 8.3, Diff: 0.1, Sum: 16.4]
      [Update RS (ms): Min: 0.2, Avg: 0.6, Max: 1.0, Diff: 0.8, Sum: 1.1]
         [Processed Buffers: Min: 5, Avg: 6.5, Max: 8, Diff: 3, Sum: 13]
      [Scan RS (ms): Min: 3.6, Avg: 4.0, Max: 4.5, Diff: 0.9, Sum: 8.1]
      [Code Root Scanning (ms): Min: 0.0, Avg: 0.1, Max: 0.1, Diff: 0.1, Sum: 0.1]
      [Object Copy (ms): Min: 2.1, Avg: 2.4, Max: 2.8, Diff: 0.7, Sum: 4.8]
      [Termination (ms): Min: 0.0, Avg: 0.1, Max: 0.1, Diff: 0.1, Sum: 0.1]
      [GC Worker Other (ms): Min: 0.0, Avg: 0.0, Max: 0.0, Diff: 0.0, Sum: 0.0]
      [GC Worker Total (ms): Min: 14.9, Avg: 15.4, Max: 15.8, Diff: 0.9, Sum: 30.8]
      [GC Worker End (ms): Min: 104075025.1, Avg: 104075025.2, Max: 104075025.2, Diff: 0.1]
   [Code Root Fixup: 0.2 ms]
   [Code Root Migration: 0.3 ms]
   [Clear CT: 1.4 ms]
   [Other: 3.5 ms]
      [Choose CSet: 0.0 ms]
      [Ref Proc: 0.8 ms]
      [Ref Enq: 0.1 ms]
      [Free CSet: 2.4 ms]
   [Eden: 2454.0M(2454.0M)->0.0B(2454.0M) Survivors: 2048.0K->2048.0K Heap: 2477.2M(4096.0M)->23.3M(4096.0M)]
 [Times: user=0.03 sys=0.00, real=0.02 secs] 
2015-06-26T21:07:55.723-0100: 104756.121: [GC pause (young), 0.0186530 secs]
   [Parallel Time: 13.7 ms, GC Workers: 2]
      [GC Worker Start (ms): Min: 104756120.8, Avg: 104756120.9, Max: 104756120.9, Diff: 0.0]
      [Ext Root Scanning (ms): Min: 7.8, Avg: 7.9, Max: 8.0, Diff: 0.2, Sum: 15.9]
      [Update RS (ms): Min: 0.3, Avg: 0.4, Max: 0.6, Diff: 0.3, Sum: 0.9]
         [Processed Buffers: Min: 6, Avg: 6.5, Max: 7, Diff: 1, Sum: 13]
      [Scan RS (ms): Min: 2.3, Avg: 2.5, Max: 2.7, Diff: 0.4, Sum: 5.0]
      [Code Root Scanning (ms): Min: 0.0, Avg: 0.2, Max: 0.4, Diff: 0.4, Sum: 0.5]
      [Object Copy (ms): Min: 2.0, Avg: 2.3, Max: 2.5, Diff: 0.5, Sum: 4.6]
      [Termination (ms): Min: 0.0, Avg: 0.2, Max: 0.4, Diff: 0.4, Sum: 0.4]
      [GC Worker Other (ms): Min: 0.0, Avg: 0.0, Max: 0.0, Diff: 0.0, Sum: 0.0]
      [GC Worker Total (ms): Min: 13.6, Avg: 13.6, Max: 13.6, Diff: 0.0, Sum: 27.2]
      [GC Worker End (ms): Min: 104756134.5, Avg: 104756134.5, Max: 104756134.5, Diff: 0.0]
   [Code Root Fixup: 0.2 ms]
   [Code Root Migration: 0.3 ms]
   [Clear CT: 1.6 ms]
   [Other: 2.9 ms]
      [Choose CSet: 0.0 ms]
      [Ref Proc: 0.6 ms]
      [Ref Enq: 0.1 ms]
      [Free CSet: 2.1 ms]
   [Eden: 2454.0M(2454.0M)->0.0B(2454.0M) Survivors: 2048.0K->2048.0K Heap: 2477.3M(4096.0M)->23.4M(4096.0M)]
 [Times: user=0.02 sys=0.00, real=0.02 secs] 
2015-06-26T21:37:15.408-0100: 106515.806: [GC pause (young), 0.0262370 secs]
   [Parallel Time: 21.7 ms, GC Workers: 2]
      [GC Worker Start (ms): Min: 106515805.6, Avg: 106515816.2, Max: 106515826.8, Diff: 21.2]
      [Ext Root Scanning (ms): Min: 0.0, Avg: 7.5, Max: 15.1, Diff: 15.1, Sum: 15.1]
      [Update RS (ms): Min: 0.0, Avg: 0.5, Max: 0.9, Diff: 0.9, Sum: 1.0]
         [Processed Buffers: Min: 0, Avg: 6.5, Max: 13, Diff: 13, Sum: 13]
      [Scan RS (ms): Min: 0.1, Avg: 1.3, Max: 2.5, Diff: 2.4, Sum: 2.6]
      [Code Root Scanning (ms): Min: 0.0, Avg: 0.1, Max: 0.1, Diff: 0.1, Sum: 0.1]
      [Object Copy (ms): Min: 0.3, Avg: 1.6, Max: 2.9, Diff: 2.6, Sum: 3.3]
      [Termination (ms): Min: 0.0, Avg: 0.0, Max: 0.0, Diff: 0.0, Sum: 0.0]
      [GC Worker Other (ms): Min: 0.0, Avg: 0.0, Max: 0.0, Diff: 0.0, Sum: 0.1]
      [GC Worker Total (ms): Min: 0.5, Avg: 11.0, Max: 21.6, Diff: 21.2, Sum: 22.1]
      [GC Worker End (ms): Min: 106515827.2, Avg: 106515827.2, Max: 106515827.2, Diff: 0.0]
   [Code Root Fixup: 0.2 ms]
   [Code Root Migration: 0.3 ms]
   [Clear CT: 1.4 ms]
   [Other: 2.7 ms]
      [Choose CSet: 0.0 ms]
      [Ref Proc: 0.3 ms]
      [Ref Enq: 0.1 ms]
      [Free CSet: 2.2 ms]
   [Eden: 2454.0M(2454.0M)->0.0B(2454.0M) Survivors: 2048.0K->2048.0K Heap: 2477.4M(4096.0M)->23.4M(4096.0M)]
 [Times: user=0.03 sys=0.00, real=0.03 secs] 
2015-06-26T22:07:18.503-0100: 108318.901: [GC pause (young), 0.0168420 secs]
   [Parallel Time: 12.4 ms, GC Workers: 2]
      [GC Worker Start (ms): Min: 108318900.6, Avg: 108318900.6, Max: 108318900.6, Diff: 0.0]
      [Ext Root Scanning (ms): Min: 7.8, Avg: 8.6, Max: 9.5, Diff: 1.8, Sum: 17.3]
      [Update RS (ms): Min: 0.0, Avg: 0.4, Max: 0.9, Diff: 0.9, Sum: 0.9]
         [Processed Buffers: Min: 0, Avg: 6.0, Max: 12, Diff: 12, Sum: 12]
      [Scan RS (ms): Min: 1.3, Avg: 1.7, Max: 2.1, Diff: 0.8, Sum: 3.3]
      [Code Root Scanning (ms): Min: 0.0, Avg: 0.1, Max: 0.1, Diff: 0.1, Sum: 0.1]
      [Object Copy (ms): Min: 1.5, Avg: 1.5, Max: 1.6, Diff: 0.1, Sum: 3.0]
      [Termination (ms): Min: 0.0, Avg: 0.0, Max: 0.0, Diff: 0.0, Sum: 0.0]
      [GC Worker Other (ms): Min: 0.0, Avg: 0.0, Max: 0.0, Diff: 0.0, Sum: 0.1]
      [GC Worker Total (ms): Min: 12.4, Avg: 12.4, Max: 12.4, Diff: 0.0, Sum: 24.7]
      [GC Worker End (ms): Min: 108318913.0, Avg: 108318913.0, Max: 108318913.0, Diff: 0.0]
   [Code Root Fixup: 0.2 ms]
   [Code Root Migration: 0.3 ms]
   [Clear CT: 1.5 ms]
   [Other: 2.4 ms]
      [Choose CSet: 0.0 ms]
      [Ref Proc: 0.3 ms]
      [Ref Enq: 0.0 ms]
      [Free CSet: 1.9 ms]
   [Eden: 2454.0M(2454.0M)->0.0B(2454.0M) Survivors: 2048.0K->2048.0K Heap: 2477.4M(4096.0M)->23.2M(4096.0M)]
 [Times: user=0.03 sys=0.00, real=0.02 secs] 
